STRUCT,Info,3
CPU name:,Intel(R) Core(TM) i5-7500 CPU @ 3.40GHz,
CPU type:,Intel Coffeelake processor,
CPU clock:,3.4 GHz,
TABLE,Region MatVet_Otim_64,Group 1 Raw,FLOPS_DP,6
Region Info,HWThread 3,
RDTSC Runtime [s],0.000003,
call count,1,
Event,Counter,HWThread 3
INSTR_RETIRED_ANY,FIXC0,23268
CPU_CLK_UNHALTED_CORE,FIXC1,19694
CPU_CLK_UNHALTED_REF,FIXC2,18034
FP_ARITH_INST_RETIRED_128B_PACKED_DOUBLE,PMC0,0
FP_ARITH_INST_RETIRED_SCALAR_DOUBLE,PMC1,8209
FP_ARITH_INST_RETIRED_256B_PACKED_DOUBLE,PMC2,0
TABLE,Region MatVet_Otim_64,Group 1 Metric,FLOPS_DP,9
Metric,HWThread 3,
Runtime (RDTSC) [s],2.934118e-06,
Runtime unhalted [s],5.792353e-06,
Clock [MHz],3712.9644,
CPI,0.8464,
DP [MFLOP/s],2797.7743,
AVX DP [MFLOP/s],0,
Packed [MUOPS/s],0,
Scalar [MUOPS/s],2797.7743,
Vectorization ratio [%],0,
STRUCT,Info,3
CPU name:,Intel(R) Core(TM) i5-7500 CPU @ 3.40GHz,
CPU type:,Intel Coffeelake processor,
CPU clock:,3.4 GHz,
TABLE,Region MatMat_restrict_64,Group 1 Raw,FLOPS_DP,6
Region Info,HWThread 3,
RDTSC Runtime [s],0.000157,
call count,1,
Event,Counter,HWThread 3
INSTR_RETIRED_ANY,FIXC0,1125823
CPU_CLK_UNHALTED_CORE,FIXC1,483874
CPU_CLK_UNHALTED_REF,FIXC2,454258
FP_ARITH_INST_RETIRED_128B_PACKED_DOUBLE,PMC0,0
FP_ARITH_INST_RETIRED_SCALAR_DOUBLE,PMC1,524305
FP_ARITH_INST_RETIRED_256B_PACKED_DOUBLE,PMC2,0
TABLE,Region MatMat_restrict_64,Group 1 Metric,FLOPS_DP,9
Metric,HWThread 3,
Runtime (RDTSC) [s],0.0002,
Runtime unhalted [s],0.0001,
Clock [MHz],3621.6679,
CPI,0.4298,
DP [MFLOP/s],3339.4968,
AVX DP [MFLOP/s],0,
Packed [MUOPS/s],0,
Scalar [MUOPS/s],3339.4968,
Vectorization ratio [%],0,
STRUCT,Info,3
CPU name:,Intel(R) Core(TM) i5-7500 CPU @ 3.40GHz,
CPU type:,Intel Coffeelake processor,
CPU clock:,3.4 GHz,
TABLE,Region MatVet_64,Group 1 Raw,FLOPS_DP,6
Region Info,HWThread 3,
RDTSC Runtime [s],0.000005,
call count,1,
Event,Counter,HWThread 3
INSTR_RETIRED_ANY,FIXC0,29107
CPU_CLK_UNHALTED_CORE,FIXC1,29821
CPU_CLK_UNHALTED_REF,FIXC2,26696
FP_ARITH_INST_RETIRED_128B_PACKED_DOUBLE,PMC0,0
FP_ARITH_INST_RETIRED_SCALAR_DOUBLE,PMC1,8209
FP_ARITH_INST_RETIRED_256B_PACKED_DOUBLE,PMC2,0
TABLE,Region MatVet_64,Group 1 Metric,FLOPS_DP,9
Metric,HWThread 3,
Runtime (RDTSC) [s],4.718824e-06,
Runtime unhalted [s],8.770882e-06,
Clock [MHz],3797.9997,
CPI,1.0245,
DP [MFLOP/s],1739.6283,
AVX DP [MFLOP/s],0,
Packed [MUOPS/s],0,
Scalar [MUOPS/s],1739.6283,
Vectorization ratio [%],0,
STRUCT,Info,3
CPU name:,Intel(R) Core(TM) i5-7500 CPU @ 3.40GHz,
CPU type:,Intel Coffeelake processor,
CPU clock:,3.4 GHz,
TABLE,Region MatMat_Otim_64,Group 1 Raw,FLOPS_DP,6
Region Info,HWThread 3,
RDTSC Runtime [s],0.000168,
call count,1,
Event,Counter,HWThread 3
INSTR_RETIRED_ANY,FIXC0,1323918
CPU_CLK_UNHALTED_CORE,FIXC1,643806
CPU_CLK_UNHALTED_REF,FIXC2,578366
FP_ARITH_INST_RETIRED_128B_PACKED_DOUBLE,PMC0,0
FP_ARITH_INST_RETIRED_SCALAR_DOUBLE,PMC1,524305
FP_ARITH_INST_RETIRED_256B_PACKED_DOUBLE,PMC2,0
TABLE,Region MatMat_Otim_64,Group 1 Metric,FLOPS_DP,9
Metric,HWThread 3,
Runtime (RDTSC) [s],0.0002,
Runtime unhalted [s],0.0002,
Clock [MHz],3784.6976,
CPI,0.4863,
DP [MFLOP/s],3125.0764,
AVX DP [MFLOP/s],0,
Packed [MUOPS/s],0,
Scalar [MUOPS/s],3125.0764,
Vectorization ratio [%],0,
STRUCT,Info,3
CPU name:,Intel(R) Core(TM) i5-7500 CPU @ 3.40GHz,
CPU type:,Intel Coffeelake processor,
CPU clock:,3.4 GHz,
TABLE,Region MatMat_64,Group 1 Raw,FLOPS_DP,6
Region Info,HWThread 3,
RDTSC Runtime [s],0.000228,
call count,1,
Event,Counter,HWThread 3
INSTR_RETIRED_ANY,FIXC0,1883135
CPU_CLK_UNHALTED_CORE,FIXC1,850080
CPU_CLK_UNHALTED_REF,FIXC2,764102
FP_ARITH_INST_RETIRED_128B_PACKED_DOUBLE,PMC0,0
FP_ARITH_INST_RETIRED_SCALAR_DOUBLE,PMC1,524305
FP_ARITH_INST_RETIRED_256B_PACKED_DOUBLE,PMC2,0
TABLE,Region MatMat_64,Group 1 Metric,FLOPS_DP,9
Metric,HWThread 3,
Runtime (RDTSC) [s],0.0002,
Runtime unhalted [s],0.0003,
Clock [MHz],3782.5735,
CPI,0.4514,
DP [MFLOP/s],2303.9882,
AVX DP [MFLOP/s],0,
Packed [MUOPS/s],0,
Scalar [MUOPS/s],2303.9882,
Vectorization ratio [%],0,
STRUCT,Info,3
CPU name:,Intel(R) Core(TM) i5-7500 CPU @ 3.40GHz,
CPU type:,Intel Coffeelake processor,
CPU clock:,3.4 GHz,
TABLE,Region MatMat_Otim_100,Group 1 Raw,FLOPS_DP,6
Region Info,HWThread 3,
RDTSC Runtime [s],0.000619,
call count,1,
Event,Counter,HWThread 3
INSTR_RETIRED_ANY,FIXC0,5028272
CPU_CLK_UNHALTED_CORE,FIXC1,2350228
CPU_CLK_UNHALTED_REF,FIXC2,2112818
FP_ARITH_INST_RETIRED_128B_PACKED_DOUBLE,PMC0,0
FP_ARITH_INST_RETIRED_SCALAR_DOUBLE,PMC1,2000017
FP_ARITH_INST_RETIRED_256B_PACKED_DOUBLE,PMC2,0
TABLE,Region MatMat_Otim_100,Group 1 Metric,FLOPS_DP,9
Metric,HWThread 3,
Runtime (RDTSC) [s],0.0006,
Runtime unhalted [s],0.0007,
Clock [MHz],3782.0462,
CPI,0.4674,
DP [MFLOP/s],3232.3356,
AVX DP [MFLOP/s],0,
Packed [MUOPS/s],0,
Scalar [MUOPS/s],3232.3356,
Vectorization ratio [%],0,
STRUCT,Info,3
CPU name:,Intel(R) Core(TM) i5-7500 CPU @ 3.40GHz,
CPU type:,Intel Coffeelake processor,
CPU clock:,3.4 GHz,
TABLE,Region MatMat_restrict_100,Group 1 Raw,FLOPS_DP,6
Region Info,HWThread 3,
RDTSC Runtime [s],0.000488,
call count,1,
Event,Counter,HWThread 3
INSTR_RETIRED_ANY,FIXC0,4310124
CPU_CLK_UNHALTED_CORE,FIXC1,1854563
CPU_CLK_UNHALTED_REF,FIXC2,1667222
FP_ARITH_INST_RETIRED_128B_PACKED_DOUBLE,PMC0,20000
FP_ARITH_INST_RETIRED_SCALAR_DOUBLE,PMC1,1960017
FP_ARITH_INST_RETIRED_256B_PACKED_DOUBLE,PMC2,0
TABLE,Region MatMat_restrict_100,Group 1 Metric,FLOPS_DP,9
Metric,HWThread 3,
Runtime (RDTSC) [s],0.0005,
Runtime unhalted [s],0.0005,
Clock [MHz],3782.0483,
CPI,0.4303,
DP [MFLOP/s],4101.8468,
AVX DP [MFLOP/s],0,
Packed [MUOPS/s],41.0181,
Scalar [MUOPS/s],4019.8105,
Vectorization ratio [%],1.0101,
STRUCT,Info,3
CPU name:,Intel(R) Core(TM) i5-7500 CPU @ 3.40GHz,
CPU type:,Intel Coffeelake processor,
CPU clock:,3.4 GHz,
TABLE,Region MatMat_100,Group 1 Raw,FLOPS_DP,6
Region Info,HWThread 3,
RDTSC Runtime [s],0.000943,
call count,1,
Event,Counter,HWThread 3
INSTR_RETIRED_ANY,FIXC0,7113447
CPU_CLK_UNHALTED_CORE,FIXC1,3338165
CPU_CLK_UNHALTED_REF,FIXC2,3006992
FP_ARITH_INST_RETIRED_128B_PACKED_DOUBLE,PMC0,0
FP_ARITH_INST_RETIRED_SCALAR_DOUBLE,PMC1,2000017
FP_ARITH_INST_RETIRED_256B_PACKED_DOUBLE,PMC2,0
TABLE,Region MatMat_100,Group 1 Metric,FLOPS_DP,9
Metric,HWThread 3,
Runtime (RDTSC) [s],0.0009,
Runtime unhalted [s],0.0010,
Clock [MHz],3774.4567,
CPI,0.4693,
DP [MFLOP/s],2120.3651,
AVX DP [MFLOP/s],0,
Packed [MUOPS/s],0,
Scalar [MUOPS/s],2120.3651,
Vectorization ratio [%],0,
STRUCT,Info,3
CPU name:,Intel(R) Core(TM) i5-7500 CPU @ 3.40GHz,
CPU type:,Intel Coffeelake processor,
CPU clock:,3.4 GHz,
TABLE,Region MatVet_100,Group 1 Raw,FLOPS_DP,6
Region Info,HWThread 3,
RDTSC Runtime [s],0.000011,
call count,1,
Event,Counter,HWThread 3
INSTR_RETIRED_ANY,FIXC0,64858
CPU_CLK_UNHALTED_CORE,FIXC1,53704
CPU_CLK_UNHALTED_REF,FIXC2,48706
FP_ARITH_INST_RETIRED_128B_PACKED_DOUBLE,PMC0,0
FP_ARITH_INST_RETIRED_SCALAR_DOUBLE,PMC1,20017
FP_ARITH_INST_RETIRED_256B_PACKED_DOUBLE,PMC2,0
TABLE,Region MatVet_100,Group 1 Metric,FLOPS_DP,9
Metric,HWThread 3,
Runtime (RDTSC) [s],1.116824e-05,
Runtime unhalted [s],1.579529e-05,
Clock [MHz],3748.8934,
CPI,0.8280,
DP [MFLOP/s],1792.3146,
AVX DP [MFLOP/s],0,
Packed [MUOPS/s],0,
Scalar [MUOPS/s],1792.3146,
Vectorization ratio [%],0,
STRUCT,Info,3
CPU name:,Intel(R) Core(TM) i5-7500 CPU @ 3.40GHz,
CPU type:,Intel Coffeelake processor,
CPU clock:,3.4 GHz,
TABLE,Region MatVet_Otim_100,Group 1 Raw,FLOPS_DP,6
Region Info,HWThread 3,
RDTSC Runtime [s],0.000007,
call count,1,
Event,Counter,HWThread 3
INSTR_RETIRED_ANY,FIXC0,52950
CPU_CLK_UNHALTED_CORE,FIXC1,35364
CPU_CLK_UNHALTED_REF,FIXC2,31382
FP_ARITH_INST_RETIRED_128B_PACKED_DOUBLE,PMC0,0
FP_ARITH_INST_RETIRED_SCALAR_DOUBLE,PMC1,20017
FP_ARITH_INST_RETIRED_256B_PACKED_DOUBLE,PMC2,0
TABLE,Region MatVet_Otim_100,Group 1 Metric,FLOPS_DP,9
Metric,HWThread 3,
Runtime (RDTSC) [s],6.803529e-06,
Runtime unhalted [s],1.040118e-05,
Clock [MHz],3831.4193,
CPI,0.6679,
DP [MFLOP/s],2942.1496,
AVX DP [MFLOP/s],0,
Packed [MUOPS/s],0,
Scalar [MUOPS/s],2942.1496,
Vectorization ratio [%],0,
STRUCT,Info,3
CPU name:,Intel(R) Core(TM) i5-7500 CPU @ 3.40GHz,
CPU type:,Intel Coffeelake processor,
CPU clock:,3.4 GHz,
TABLE,Region MatMat_128,Group 1 Raw,FLOPS_DP,6
Region Info,HWThread 3,
RDTSC Runtime [s],0.002137,
call count,1,
Event,Counter,HWThread 3
INSTR_RETIRED_ANY,FIXC0,14864030
CPU_CLK_UNHALTED_CORE,FIXC1,7797596
CPU_CLK_UNHALTED_REF,FIXC2,7198406
FP_ARITH_INST_RETIRED_128B_PACKED_DOUBLE,PMC0,0
FP_ARITH_INST_RETIRED_SCALAR_DOUBLE,PMC1,4194321
FP_ARITH_INST_RETIRED_256B_PACKED_DOUBLE,PMC2,0
TABLE,Region MatMat_128,Group 1 Metric,FLOPS_DP,9
Metric,HWThread 3,
Runtime (RDTSC) [s],0.0021,
Runtime unhalted [s],0.0023,
Clock [MHz],3683.0135,
CPI,0.5246,
DP [MFLOP/s],1963.0682,
AVX DP [MFLOP/s],0,
Packed [MUOPS/s],0,
Scalar [MUOPS/s],1963.0682,
Vectorization ratio [%],0,
STRUCT,Info,3
CPU name:,Intel(R) Core(TM) i5-7500 CPU @ 3.40GHz,
CPU type:,Intel Coffeelake processor,
CPU clock:,3.4 GHz,
TABLE,Region MatVet_Otim_128,Group 1 Raw,FLOPS_DP,6
Region Info,HWThread 3,
RDTSC Runtime [s],0.000013,
call count,1,
Event,Counter,HWThread 3
INSTR_RETIRED_ANY,FIXC0,84996
CPU_CLK_UNHALTED_CORE,FIXC1,57162
CPU_CLK_UNHALTED_REF,FIXC2,52682
FP_ARITH_INST_RETIRED_128B_PACKED_DOUBLE,PMC0,0
FP_ARITH_INST_RETIRED_SCALAR_DOUBLE,PMC1,32785
FP_ARITH_INST_RETIRED_256B_PACKED_DOUBLE,PMC2,0
TABLE,Region MatVet_Otim_128,Group 1 Metric,FLOPS_DP,9
Metric,HWThread 3,
Runtime (RDTSC) [s],1.298588e-05,
Runtime unhalted [s],1.681235e-05,
Clock [MHz],3689.1310,
CPI,0.6725,
DP [MFLOP/s],2524.6653,
AVX DP [MFLOP/s],0,
Packed [MUOPS/s],0,
Scalar [MUOPS/s],2524.6653,
Vectorization ratio [%],0,
STRUCT,Info,3
CPU name:,Intel(R) Core(TM) i5-7500 CPU @ 3.40GHz,
CPU type:,Intel Coffeelake processor,
CPU clock:,3.4 GHz,
TABLE,Region MatMat_Otim_128,Group 1 Raw,FLOPS_DP,6
Region Info,HWThread 3,
RDTSC Runtime [s],0.001587,
call count,1,
Event,Counter,HWThread 3
INSTR_RETIRED_ANY,FIXC0,10530210
CPU_CLK_UNHALTED_CORE,FIXC1,5853094
CPU_CLK_UNHALTED_REF,FIXC2,5403810
FP_ARITH_INST_RETIRED_128B_PACKED_DOUBLE,PMC0,0
FP_ARITH_INST_RETIRED_SCALAR_DOUBLE,PMC1,4194321
FP_ARITH_INST_RETIRED_256B_PACKED_DOUBLE,PMC2,0
TABLE,Region MatMat_Otim_128,Group 1 Metric,FLOPS_DP,9
Metric,HWThread 3,
Runtime (RDTSC) [s],0.0016,
Runtime unhalted [s],0.0017,
Clock [MHz],3682.6831,
CPI,0.5558,
DP [MFLOP/s],2642.9560,
AVX DP [MFLOP/s],0,
Packed [MUOPS/s],0,
Scalar [MUOPS/s],2642.9560,
Vectorization ratio [%],0,
STRUCT,Info,3
CPU name:,Intel(R) Core(TM) i5-7500 CPU @ 3.40GHz,
CPU type:,Intel Coffeelake processor,
CPU clock:,3.4 GHz,
TABLE,Region MatVet_128,Group 1 Raw,FLOPS_DP,6
Region Info,HWThread 3,
RDTSC Runtime [s],0.000018,
call count,1,
Event,Counter,HWThread 3
INSTR_RETIRED_ANY,FIXC0,103414
CPU_CLK_UNHALTED_CORE,FIXC1,76786
CPU_CLK_UNHALTED_REF,FIXC2,70858
FP_ARITH_INST_RETIRED_128B_PACKED_DOUBLE,PMC0,0
FP_ARITH_INST_RETIRED_SCALAR_DOUBLE,PMC1,32785
FP_ARITH_INST_RETIRED_256B_PACKED_DOUBLE,PMC2,0
TABLE,Region MatVet_128,Group 1 Metric,FLOPS_DP,9
Metric,HWThread 3,
Runtime (RDTSC) [s],1.781353e-05,
Runtime unhalted [s],2.258412e-05,
Clock [MHz],3684.4449,
CPI,0.7425,
DP [MFLOP/s],1840.4550,
AVX DP [MFLOP/s],0,
Packed [MUOPS/s],0,
Scalar [MUOPS/s],1840.4550,
Vectorization ratio [%],0,
STRUCT,Info,3
CPU name:,Intel(R) Core(TM) i5-7500 CPU @ 3.40GHz,
CPU type:,Intel Coffeelake processor,
CPU clock:,3.4 GHz,
TABLE,Region MatMat_restrict_128,Group 1 Raw,FLOPS_DP,6
Region Info,HWThread 3,
RDTSC Runtime [s],0.001290,
call count,1,
Event,Counter,HWThread 3
INSTR_RETIRED_ANY,FIXC0,8951183
CPU_CLK_UNHALTED_CORE,FIXC1,4760456
CPU_CLK_UNHALTED_REF,FIXC2,4395042
FP_ARITH_INST_RETIRED_128B_PACKED_DOUBLE,PMC0,0
FP_ARITH_INST_RETIRED_SCALAR_DOUBLE,PMC1,4194321
FP_ARITH_INST_RETIRED_256B_PACKED_DOUBLE,PMC2,0
TABLE,Region MatMat_restrict_128,Group 1 Metric,FLOPS_DP,9
Metric,HWThread 3,
Runtime (RDTSC) [s],0.0013,
Runtime unhalted [s],0.0014,
Clock [MHz],3682.6839,
CPI,0.5318,
DP [MFLOP/s],3251.6990,
AVX DP [MFLOP/s],0,
Packed [MUOPS/s],0,
Scalar [MUOPS/s],3251.6990,
Vectorization ratio [%],0,
STRUCT,Info,3
CPU name:,Intel(R) Core(TM) i5-7500 CPU @ 3.40GHz,
CPU type:,Intel Coffeelake processor,
CPU clock:,3.4 GHz,
TABLE,Region MatMat_Otim_170,Group 1 Raw,FLOPS_DP,6
Region Info,HWThread 3,
RDTSC Runtime [s],0.003216,
call count,1,
Event,Counter,HWThread 3
INSTR_RETIRED_ANY,FIXC0,24759910
CPU_CLK_UNHALTED_CORE,FIXC1,12013980
CPU_CLK_UNHALTED_REF,FIXC2,10812590
FP_ARITH_INST_RETIRED_128B_PACKED_DOUBLE,PMC0,0
FP_ARITH_INST_RETIRED_SCALAR_DOUBLE,PMC1,9826017
FP_ARITH_INST_RETIRED_256B_PACKED_DOUBLE,PMC2,0
TABLE,Region MatMat_Otim_170,Group 1 Metric,FLOPS_DP,9
Metric,HWThread 3,
Runtime (RDTSC) [s],0.0032,
Runtime unhalted [s],0.0035,
Clock [MHz],3777.7750,
CPI,0.4852,
DP [MFLOP/s],3055.4600,
AVX DP [MFLOP/s],0,
Packed [MUOPS/s],0,
Scalar [MUOPS/s],3055.4600,
Vectorization ratio [%],0,
STRUCT,Info,3
CPU name:,Intel(R) Core(TM) i5-7500 CPU @ 3.40GHz,
CPU type:,Intel Coffeelake processor,
CPU clock:,3.4 GHz,
TABLE,Region MatMat_restrict_170,Group 1 Raw,FLOPS_DP,6
Region Info,HWThread 3,
RDTSC Runtime [s],0.002537,
call count,1,
Event,Counter,HWThread 3
INSTR_RETIRED_ANY,FIXC0,20993560
CPU_CLK_UNHALTED_CORE,FIXC1,9245401
CPU_CLK_UNHALTED_REF,FIXC2,8311118
FP_ARITH_INST_RETIRED_128B_PACKED_DOUBLE,PMC0,28900
FP_ARITH_INST_RETIRED_SCALAR_DOUBLE,PMC1,9768217
FP_ARITH_INST_RETIRED_256B_PACKED_DOUBLE,PMC2,0
TABLE,Region MatMat_restrict_170,Group 1 Metric,FLOPS_DP,9
Metric,HWThread 3,
Runtime (RDTSC) [s],0.0025,
Runtime unhalted [s],0.0027,
Clock [MHz],3782.2064,
CPI,0.4404,
DP [MFLOP/s],3872.6593,
AVX DP [MFLOP/s],0,
Packed [MUOPS/s],11.3902,
Scalar [MUOPS/s],3849.8789,
Vectorization ratio [%],0.2950,
STRUCT,Info,3
CPU name:,Intel(R) Core(TM) i5-7500 CPU @ 3.40GHz,
CPU type:,Intel Coffeelake processor,
CPU clock:,3.4 GHz,
TABLE,Region MatMat_170,Group 1 Raw,FLOPS_DP,6
Region Info,HWThread 3,
RDTSC Runtime [s],0.005058,
call count,1,
Event,Counter,HWThread 3
INSTR_RETIRED_ANY,FIXC0,34713140
CPU_CLK_UNHALTED_CORE,FIXC1,18107900
CPU_CLK_UNHALTED_REF,FIXC2,16568560
FP_ARITH_INST_RETIRED_128B_PACKED_DOUBLE,PMC0,0
FP_ARITH_INST_RETIRED_SCALAR_DOUBLE,PMC1,9826017
FP_ARITH_INST_RETIRED_256B_PACKED_DOUBLE,PMC2,0
TABLE,Region MatMat_170,Group 1 Metric,FLOPS_DP,9
Metric,HWThread 3,
Runtime (RDTSC) [s],0.0051,
Runtime unhalted [s],0.0053,
Clock [MHz],3715.8848,
CPI,0.5216,
DP [MFLOP/s],1942.8432,
AVX DP [MFLOP/s],0,
Packed [MUOPS/s],0,
Scalar [MUOPS/s],1942.8432,
Vectorization ratio [%],0,
STRUCT,Info,3
CPU name:,Intel(R) Core(TM) i5-7500 CPU @ 3.40GHz,
CPU type:,Intel Coffeelake processor,
CPU clock:,3.4 GHz,
TABLE,Region MatVet_170,Group 1 Raw,FLOPS_DP,6
Region Info,HWThread 3,
RDTSC Runtime [s],0.000031,
call count,1,
Event,Counter,HWThread 3
INSTR_RETIRED_ANY,FIXC0,178888
CPU_CLK_UNHALTED_CORE,FIXC1,123867
CPU_CLK_UNHALTED_REF,FIXC2,114168
FP_ARITH_INST_RETIRED_128B_PACKED_DOUBLE,PMC0,0
FP_ARITH_INST_RETIRED_SCALAR_DOUBLE,PMC1,57817
FP_ARITH_INST_RETIRED_256B_PACKED_DOUBLE,PMC2,0
TABLE,Region MatVet_170,Group 1 Metric,FLOPS_DP,9
Metric,HWThread 3,
Runtime (RDTSC) [s],3.078941e-05,
Runtime unhalted [s],3.643147e-05,
Clock [MHz],3688.8428,
CPI,0.6924,
DP [MFLOP/s],1877.8210,
AVX DP [MFLOP/s],0,
Packed [MUOPS/s],0,
Scalar [MUOPS/s],1877.8210,
Vectorization ratio [%],0,
STRUCT,Info,3
CPU name:,Intel(R) Core(TM) i5-7500 CPU @ 3.40GHz,
CPU type:,Intel Coffeelake processor,
CPU clock:,3.4 GHz,
TABLE,Region MatVet_Otim_170,Group 1 Raw,FLOPS_DP,6
Region Info,HWThread 3,
RDTSC Runtime [s],0.000020,
call count,1,
Event,Counter,HWThread 3
INSTR_RETIRED_ANY,FIXC0,148126
CPU_CLK_UNHALTED_CORE,FIXC1,84477
CPU_CLK_UNHALTED_REF,FIXC2,76254
FP_ARITH_INST_RETIRED_128B_PACKED_DOUBLE,PMC0,0
FP_ARITH_INST_RETIRED_SCALAR_DOUBLE,PMC1,57817
FP_ARITH_INST_RETIRED_256B_PACKED_DOUBLE,PMC2,0
TABLE,Region MatVet_Otim_170,Group 1 Metric,FLOPS_DP,9
Metric,HWThread 3,
Runtime (RDTSC) [s],2.006471e-05,
Runtime unhalted [s],2.484618e-05,
Clock [MHz],3766.6457,
CPI,0.5703,
DP [MFLOP/s],2881.5268,
AVX DP [MFLOP/s],0,
Packed [MUOPS/s],0,
Scalar [MUOPS/s],2881.5268,
Vectorization ratio [%],0,
STRUCT,Info,3
CPU name:,Intel(R) Core(TM) i5-7500 CPU @ 3.40GHz,
CPU type:,Intel Coffeelake processor,
CPU clock:,3.4 GHz,
TABLE,Region MatMat_Otim_256,Group 1 Raw,FLOPS_DP,6
Region Info,HWThread 3,
RDTSC Runtime [s],0.023758,
call count,1,
Event,Counter,HWThread 3
INSTR_RETIRED_ANY,FIXC0,84054410
CPU_CLK_UNHALTED_CORE,FIXC1,88949260
CPU_CLK_UNHALTED_REF,FIXC2,79980650
FP_ARITH_INST_RETIRED_128B_PACKED_DOUBLE,PMC0,0
FP_ARITH_INST_RETIRED_SCALAR_DOUBLE,PMC1,33554450
FP_ARITH_INST_RETIRED_256B_PACKED_DOUBLE,PMC2,0
TABLE,Region MatMat_Otim_256,Group 1 Metric,FLOPS_DP,9
Metric,HWThread 3,
Runtime (RDTSC) [s],0.0238,
Runtime unhalted [s],0.0262,
Clock [MHz],3781.2581,
CPI,1.0582,
DP [MFLOP/s],1412.3373,
AVX DP [MFLOP/s],0,
Packed [MUOPS/s],0,
Scalar [MUOPS/s],1412.3373,
Vectorization ratio [%],0,
STRUCT,Info,3
CPU name:,Intel(R) Core(TM) i5-7500 CPU @ 3.40GHz,
CPU type:,Intel Coffeelake processor,
CPU clock:,3.4 GHz,
TABLE,Region MatMat_restrict_256,Group 1 Raw,FLOPS_DP,6
Region Info,HWThread 3,
RDTSC Runtime [s],0.016846,
call count,1,
Event,Counter,HWThread 3
INSTR_RETIRED_ANY,FIXC0,71446840
CPU_CLK_UNHALTED_CORE,FIXC1,63125670
CPU_CLK_UNHALTED_REF,FIXC2,56763650
FP_ARITH_INST_RETIRED_128B_PACKED_DOUBLE,PMC0,0
FP_ARITH_INST_RETIRED_SCALAR_DOUBLE,PMC1,33554450
FP_ARITH_INST_RETIRED_256B_PACKED_DOUBLE,PMC2,0
TABLE,Region MatMat_restrict_256,Group 1 Metric,FLOPS_DP,9
Metric,HWThread 3,
Runtime (RDTSC) [s],0.0168,
Runtime unhalted [s],0.0186,
Clock [MHz],3781.0690,
CPI,0.8835,
DP [MFLOP/s],1991.8443,
AVX DP [MFLOP/s],0,
Packed [MUOPS/s],0,
Scalar [MUOPS/s],1991.8443,
Vectorization ratio [%],0,
STRUCT,Info,3
CPU name:,Intel(R) Core(TM) i5-7500 CPU @ 3.40GHz,
CPU type:,Intel Coffeelake processor,
CPU clock:,3.4 GHz,
TABLE,Region MatVet_256,Group 1 Raw,FLOPS_DP,6
Region Info,HWThread 3,
RDTSC Runtime [s],0.000070,
call count,1,
Event,Counter,HWThread 3
INSTR_RETIRED_ANY,FIXC0,399478
CPU_CLK_UNHALTED_CORE,FIXC1,268666
CPU_CLK_UNHALTED_REF,FIXC2,248358
FP_ARITH_INST_RETIRED_128B_PACKED_DOUBLE,PMC0,0
FP_ARITH_INST_RETIRED_SCALAR_DOUBLE,PMC1,131089
FP_ARITH_INST_RETIRED_256B_PACKED_DOUBLE,PMC2,0
TABLE,Region MatVet_256,Group 1 Metric,FLOPS_DP,9
Metric,HWThread 3,
Runtime (RDTSC) [s],0.0001,
Runtime unhalted [s],0.0001,
Clock [MHz],3678.0148,
CPI,0.6725,
DP [MFLOP/s],1876.7847,
AVX DP [MFLOP/s],0,
Packed [MUOPS/s],0,
Scalar [MUOPS/s],1876.7847,
Vectorization ratio [%],0,
STRUCT,Info,3
CPU name:,Intel(R) Core(TM) i5-7500 CPU @ 3.40GHz,
CPU type:,Intel Coffeelake processor,
CPU clock:,3.4 GHz,
TABLE,Region MatVet_Otim_256,Group 1 Raw,FLOPS_DP,6
Region Info,HWThread 3,
RDTSC Runtime [s],0.000044,
call count,1,
Event,Counter,HWThread 3
INSTR_RETIRED_ANY,FIXC0,331332
CPU_CLK_UNHALTED_CORE,FIXC1,174530
CPU_CLK_UNHALTED_REF,FIXC2,156768
FP_ARITH_INST_RETIRED_128B_PACKED_DOUBLE,PMC0,0
FP_ARITH_INST_RETIRED_SCALAR_DOUBLE,PMC1,131089
FP_ARITH_INST_RETIRED_256B_PACKED_DOUBLE,PMC2,0
TABLE,Region MatVet_Otim_256,Group 1 Metric,FLOPS_DP,9
Metric,HWThread 3,
Runtime (RDTSC) [s],4.388118e-05,
Runtime unhalted [s],0.0001,
Clock [MHz],3785.2240,
CPI,0.5268,
DP [MFLOP/s],2987.3627,
AVX DP [MFLOP/s],0,
Packed [MUOPS/s],0,
Scalar [MUOPS/s],2987.3627,
Vectorization ratio [%],0,
STRUCT,Info,3
CPU name:,Intel(R) Core(TM) i5-7500 CPU @ 3.40GHz,
CPU type:,Intel Coffeelake processor,
CPU clock:,3.4 GHz,
TABLE,Region MatMat_256,Group 1 Raw,FLOPS_DP,6
Region Info,HWThread 3,
RDTSC Runtime [s],0.030241,
call count,1,
Event,Counter,HWThread 3
INSTR_RETIRED_ANY,FIXC0,118166700
CPU_CLK_UNHALTED_CORE,FIXC1,111162700
CPU_CLK_UNHALTED_REF,FIXC2,100684100
FP_ARITH_INST_RETIRED_128B_PACKED_DOUBLE,PMC0,0
FP_ARITH_INST_RETIRED_SCALAR_DOUBLE,PMC1,33554450
FP_ARITH_INST_RETIRED_256B_PACKED_DOUBLE,PMC2,0
TABLE,Region MatMat_256,Group 1 Metric,FLOPS_DP,9
Metric,HWThread 3,
Runtime (RDTSC) [s],0.0302,
Runtime unhalted [s],0.0327,
Clock [MHz],3753.8517,
CPI,0.9407,
DP [MFLOP/s],1109.5527,
AVX DP [MFLOP/s],0,
Packed [MUOPS/s],0,
Scalar [MUOPS/s],1109.5527,
Vectorization ratio [%],0,
STRUCT,Info,3
CPU name:,Intel(R) Core(TM) i5-7500 CPU @ 3.40GHz,
CPU type:,Intel Coffeelake processor,
CPU clock:,3.4 GHz,
TABLE,Region MatVet_350,Group 1 Raw,FLOPS_DP,6
Region Info,HWThread 3,
RDTSC Runtime [s],0.000127,
call count,1,
Event,Counter,HWThread 3
INSTR_RETIRED_ANY,FIXC0,742108
CPU_CLK_UNHALTED_CORE,FIXC1,492014
CPU_CLK_UNHALTED_REF,FIXC2,442472
FP_ARITH_INST_RETIRED_128B_PACKED_DOUBLE,PMC0,0
FP_ARITH_INST_RETIRED_SCALAR_DOUBLE,PMC1,245017
FP_ARITH_INST_RETIRED_256B_PACKED_DOUBLE,PMC2,0
TABLE,Region MatVet_350,Group 1 Metric,FLOPS_DP,9
Metric,HWThread 3,
Runtime (RDTSC) [s],0.0001,
Runtime unhalted [s],0.0001,
Clock [MHz],3780.6858,
CPI,0.6630,
DP [MFLOP/s],1924.3568,
AVX DP [MFLOP/s],0,
Packed [MUOPS/s],0,
Scalar [MUOPS/s],1924.3568,
Vectorization ratio [%],0,
STRUCT,Info,3
CPU name:,Intel(R) Core(TM) i5-7500 CPU @ 3.40GHz,
CPU type:,Intel Coffeelake processor,
CPU clock:,3.4 GHz,
TABLE,Region MatMat_350,Group 1 Raw,FLOPS_DP,6
Region Info,HWThread 3,
RDTSC Runtime [s],0.045300,
call count,1,
Event,Counter,HWThread 3
INSTR_RETIRED_ANY,FIXC0,301478900
CPU_CLK_UNHALTED_CORE,FIXC1,166452900
CPU_CLK_UNHALTED_REF,FIXC2,150506900
FP_ARITH_INST_RETIRED_128B_PACKED_DOUBLE,PMC0,0
FP_ARITH_INST_RETIRED_SCALAR_DOUBLE,PMC1,85750020
FP_ARITH_INST_RETIRED_256B_PACKED_DOUBLE,PMC2,0
TABLE,Region MatMat_350,Group 1 Metric,FLOPS_DP,9
Metric,HWThread 3,
Runtime (RDTSC) [s],0.0453,
Runtime unhalted [s],0.0490,
Clock [MHz],3760.2253,
CPI,0.5521,
DP [MFLOP/s],1892.9272,
AVX DP [MFLOP/s],0,
Packed [MUOPS/s],0,
Scalar [MUOPS/s],1892.9272,
Vectorization ratio [%],0,
STRUCT,Info,3
CPU name:,Intel(R) Core(TM) i5-7500 CPU @ 3.40GHz,
CPU type:,Intel Coffeelake processor,
CPU clock:,3.4 GHz,
TABLE,Region MatVet_Otim_350,Group 1 Raw,FLOPS_DP,6
Region Info,HWThread 3,
RDTSC Runtime [s],0.000089,
call count,1,
Event,Counter,HWThread 3
INSTR_RETIRED_ANY,FIXC0,617296
CPU_CLK_UNHALTED_CORE,FIXC1,344728
CPU_CLK_UNHALTED_REF,FIXC2,309702
FP_ARITH_INST_RETIRED_128B_PACKED_DOUBLE,PMC0,0
FP_ARITH_INST_RETIRED_SCALAR_DOUBLE,PMC1,245017
FP_ARITH_INST_RETIRED_256B_PACKED_DOUBLE,PMC2,0
TABLE,Region MatVet_Otim_350,Group 1 Metric,FLOPS_DP,9
Metric,HWThread 3,
Runtime (RDTSC) [s],0.0001,
Runtime unhalted [s],0.0001,
Clock [MHz],3784.5258,
CPI,0.5584,
DP [MFLOP/s],2761.5054,
AVX DP [MFLOP/s],0,
Packed [MUOPS/s],0,
Scalar [MUOPS/s],2761.5054,
Vectorization ratio [%],0,
STRUCT,Info,3
CPU name:,Intel(R) Core(TM) i5-7500 CPU @ 3.40GHz,
CPU type:,Intel Coffeelake processor,
CPU clock:,3.4 GHz,
TABLE,Region MatMat_Otim_350,Group 1 Raw,FLOPS_DP,6
Region Info,HWThread 3,
RDTSC Runtime [s],0.035084,
call count,1,
Event,Counter,HWThread 3
INSTR_RETIRED_ANY,FIXC0,215183100
CPU_CLK_UNHALTED_CORE,FIXC1,131724800
CPU_CLK_UNHALTED_REF,FIXC2,118428300
FP_ARITH_INST_RETIRED_128B_PACKED_DOUBLE,PMC0,0
FP_ARITH_INST_RETIRED_SCALAR_DOUBLE,PMC1,85750020
FP_ARITH_INST_RETIRED_256B_PACKED_DOUBLE,PMC2,0
TABLE,Region MatMat_Otim_350,Group 1 Metric,FLOPS_DP,9
Metric,HWThread 3,
Runtime (RDTSC) [s],0.0351,
Runtime unhalted [s],0.0387,
Clock [MHz],3781.7339,
CPI,0.6122,
DP [MFLOP/s],2444.1367,
AVX DP [MFLOP/s],0,
Packed [MUOPS/s],0,
Scalar [MUOPS/s],2444.1367,
Vectorization ratio [%],0,
STRUCT,Info,3
CPU name:,Intel(R) Core(TM) i5-7500 CPU @ 3.40GHz,
CPU type:,Intel Coffeelake processor,
CPU clock:,3.4 GHz,
TABLE,Region MatMat_restrict_350,Group 1 Raw,FLOPS_DP,6
Region Info,HWThread 3,
RDTSC Runtime [s],0.025236,
call count,1,
Event,Counter,HWThread 3
INSTR_RETIRED_ANY,FIXC0,183064600
CPU_CLK_UNHALTED_CORE,FIXC1,94111790
CPU_CLK_UNHALTED_REF,FIXC2,84757530
FP_ARITH_INST_RETIRED_128B_PACKED_DOUBLE,PMC0,367500
FP_ARITH_INST_RETIRED_SCALAR_DOUBLE,PMC1,85015020
FP_ARITH_INST_RETIRED_256B_PACKED_DOUBLE,PMC2,0
TABLE,Region MatMat_restrict_350,Group 1 Metric,FLOPS_DP,9
Metric,HWThread 3,
Runtime (RDTSC) [s],0.0252,
Runtime unhalted [s],0.0277,
Clock [MHz],3775.2408,
CPI,0.5141,
DP [MFLOP/s],3397.9244,
AVX DP [MFLOP/s],0,
Packed [MUOPS/s],14.5625,
Scalar [MUOPS/s],3368.7993,
Vectorization ratio [%],0.4304,
STRUCT,Info,3
CPU name:,Intel(R) Core(TM) i5-7500 CPU @ 3.40GHz,
CPU type:,Intel Coffeelake processor,
CPU clock:,3.4 GHz,
TABLE,Region MatVet_512,Group 1 Raw,FLOPS_DP,6
Region Info,HWThread 3,
RDTSC Runtime [s],0.000294,
call count,1,
Event,Counter,HWThread 3
INSTR_RETIRED_ANY,FIXC0,1581432
CPU_CLK_UNHALTED_CORE,FIXC1,1067297
CPU_CLK_UNHALTED_REF,FIXC2,985196
FP_ARITH_INST_RETIRED_128B_PACKED_DOUBLE,PMC0,0
FP_ARITH_INST_RETIRED_SCALAR_DOUBLE,PMC1,524305
FP_ARITH_INST_RETIRED_256B_PACKED_DOUBLE,PMC2,0
TABLE,Region MatVet_512,Group 1 Metric,FLOPS_DP,9
Metric,HWThread 3,
Runtime (RDTSC) [s],0.0003,
Runtime unhalted [s],0.0003,
Clock [MHz],3683.3379,
CPI,0.6749,
DP [MFLOP/s],1783.1829,
AVX DP [MFLOP/s],0,
Packed [MUOPS/s],0,
Scalar [MUOPS/s],1783.1829,
Vectorization ratio [%],0,
STRUCT,Info,3
CPU name:,Intel(R) Core(TM) i5-7500 CPU @ 3.40GHz,
CPU type:,Intel Coffeelake processor,
CPU clock:,3.4 GHz,
TABLE,Region MatMat_512,Group 1 Raw,FLOPS_DP,6
Region Info,HWThread 3,
RDTSC Runtime [s],0.296583,
call count,1,
Event,Counter,HWThread 3
INSTR_RETIRED_ANY,FIXC0,942416400
CPU_CLK_UNHALTED_CORE,FIXC1,1112593000
CPU_CLK_UNHALTED_REF,FIXC2,1001172000
FP_ARITH_INST_RETIRED_128B_PACKED_DOUBLE,PMC0,0
FP_ARITH_INST_RETIRED_SCALAR_DOUBLE,PMC1,268435500
FP_ARITH_INST_RETIRED_256B_PACKED_DOUBLE,PMC2,0
TABLE,Region MatMat_512,Group 1 Metric,FLOPS_DP,9
Metric,HWThread 3,
Runtime (RDTSC) [s],0.2966,
Runtime unhalted [s],0.3272,
Clock [MHz],3778.3879,
CPI,1.1806,
DP [MFLOP/s],905.0946,
AVX DP [MFLOP/s],0,
Packed [MUOPS/s],0,
Scalar [MUOPS/s],905.0946,
Vectorization ratio [%],0,
STRUCT,Info,3
CPU name:,Intel(R) Core(TM) i5-7500 CPU @ 3.40GHz,
CPU type:,Intel Coffeelake processor,
CPU clock:,3.4 GHz,
TABLE,Region MatMat_restrict_512,Group 1 Raw,FLOPS_DP,6
Region Info,HWThread 3,
RDTSC Runtime [s],0.340025,
call count,1,
Event,Counter,HWThread 3
INSTR_RETIRED_ANY,FIXC0,570988700
CPU_CLK_UNHALTED_CORE,FIXC1,1282576000
CPU_CLK_UNHALTED_REF,FIXC2,1153119000
FP_ARITH_INST_RETIRED_128B_PACKED_DOUBLE,PMC0,0
FP_ARITH_INST_RETIRED_SCALAR_DOUBLE,PMC1,268435500
FP_ARITH_INST_RETIRED_256B_PACKED_DOUBLE,PMC2,0
TABLE,Region MatMat_restrict_512,Group 1 Metric,FLOPS_DP,9
Metric,HWThread 3,
Runtime (RDTSC) [s],0.3400,
Runtime unhalted [s],0.3772,
Clock [MHz],3781.7072,
CPI,2.2462,
DP [MFLOP/s],789.4581,
AVX DP [MFLOP/s],0,
Packed [MUOPS/s],0,
Scalar [MUOPS/s],789.4581,
Vectorization ratio [%],0,
STRUCT,Info,3
CPU name:,Intel(R) Core(TM) i5-7500 CPU @ 3.40GHz,
CPU type:,Intel Coffeelake processor,
CPU clock:,3.4 GHz,
TABLE,Region MatMat_Otim_512,Group 1 Raw,FLOPS_DP,6
Region Info,HWThread 3,
RDTSC Runtime [s],0.252922,
call count,1,
Event,Counter,HWThread 3
INSTR_RETIRED_ANY,FIXC0,671750500
CPU_CLK_UNHALTED_CORE,FIXC1,952799600
CPU_CLK_UNHALTED_REF,FIXC2,856790100
FP_ARITH_INST_RETIRED_128B_PACKED_DOUBLE,PMC0,0
FP_ARITH_INST_RETIRED_SCALAR_DOUBLE,PMC1,268435500
FP_ARITH_INST_RETIRED_256B_PACKED_DOUBLE,PMC2,0
TABLE,Region MatMat_Otim_512,Group 1 Metric,FLOPS_DP,9
Metric,HWThread 3,
Runtime (RDTSC) [s],0.2529,
Runtime unhalted [s],0.2802,
Clock [MHz],3780.9945,
CPI,1.4184,
DP [MFLOP/s],1061.3358,
AVX DP [MFLOP/s],0,
Packed [MUOPS/s],0,
Scalar [MUOPS/s],1061.3358,
Vectorization ratio [%],0,
STRUCT,Info,3
CPU name:,Intel(R) Core(TM) i5-7500 CPU @ 3.40GHz,
CPU type:,Intel Coffeelake processor,
CPU clock:,3.4 GHz,
TABLE,Region MatVet_Otim_512,Group 1 Raw,FLOPS_DP,6
Region Info,HWThread 3,
RDTSC Runtime [s],0.000185,
call count,1,
Event,Counter,HWThread 3
INSTR_RETIRED_ANY,FIXC0,1315524
CPU_CLK_UNHALTED_CORE,FIXC1,708838
CPU_CLK_UNHALTED_REF,FIXC2,637296
FP_ARITH_INST_RETIRED_128B_PACKED_DOUBLE,PMC0,0
FP_ARITH_INST_RETIRED_SCALAR_DOUBLE,PMC1,524305
FP_ARITH_INST_RETIRED_256B_PACKED_DOUBLE,PMC2,0
TABLE,Region MatVet_Otim_512,Group 1 Metric,FLOPS_DP,9
Metric,HWThread 3,
Runtime (RDTSC) [s],0.0002,
Runtime unhalted [s],0.0002,
Clock [MHz],3781.6795,
CPI,0.5388,
DP [MFLOP/s],2836.4177,
AVX DP [MFLOP/s],0,
Packed [MUOPS/s],0,
Scalar [MUOPS/s],2836.4177,
Vectorization ratio [%],0,
STRUCT,Info,3
CPU name:,Intel(R) Core(TM) i5-7500 CPU @ 3.40GHz,
CPU type:,Intel Coffeelake processor,
CPU clock:,3.4 GHz,
TABLE,Region MatVet_Otim_1024,Group 1 Raw,FLOPS_DP,6
Region Info,HWThread 3,
RDTSC Runtime [s],0.000734,
call count,1,
Event,Counter,HWThread 3
INSTR_RETIRED_ANY,FIXC0,5249986
CPU_CLK_UNHALTED_CORE,FIXC1,2787305
CPU_CLK_UNHALTED_REF,FIXC2,2505590
FP_ARITH_INST_RETIRED_128B_PACKED_DOUBLE,PMC0,0
FP_ARITH_INST_RETIRED_SCALAR_DOUBLE,PMC1,2097169
FP_ARITH_INST_RETIRED_256B_PACKED_DOUBLE,PMC2,0
TABLE,Region MatVet_Otim_1024,Group 1 Metric,FLOPS_DP,9
Metric,HWThread 3,
Runtime (RDTSC) [s],0.0007,
Runtime unhalted [s],0.0008,
Clock [MHz],3782.2776,
CPI,0.5309,
DP [MFLOP/s],2856.1987,
AVX DP [MFLOP/s],0,
Packed [MUOPS/s],0,
Scalar [MUOPS/s],2856.1987,
Vectorization ratio [%],0,
STRUCT,Info,3
CPU name:,Intel(R) Core(TM) i5-7500 CPU @ 3.40GHz,
CPU type:,Intel Coffeelake processor,
CPU clock:,3.4 GHz,
TABLE,Region MatMat_1024,Group 1 Raw,FLOPS_DP,6
Region Info,HWThread 3,
RDTSC Runtime [s],5.890604,
call count,1,
Event,Counter,HWThread 3
INSTR_RETIRED_ANY,FIXC0,7527744000
CPU_CLK_UNHALTED_CORE,FIXC1,22132680000
CPU_CLK_UNHALTED_REF,FIXC2,19906100000
FP_ARITH_INST_RETIRED_128B_PACKED_DOUBLE,PMC0,0
FP_ARITH_INST_RETIRED_SCALAR_DOUBLE,PMC1,2147484000
FP_ARITH_INST_RETIRED_256B_PACKED_DOUBLE,PMC2,0
TABLE,Region MatMat_1024,Group 1 Metric,FLOPS_DP,9
Metric,HWThread 3,
Runtime (RDTSC) [s],5.8906,
Runtime unhalted [s],6.5096,
Clock [MHz],3780.3041,
CPI,2.9401,
DP [MFLOP/s],364.5609,
AVX DP [MFLOP/s],0,
Packed [MUOPS/s],0,
Scalar [MUOPS/s],364.5609,
Vectorization ratio [%],0,
STRUCT,Info,3
CPU name:,Intel(R) Core(TM) i5-7500 CPU @ 3.40GHz,
CPU type:,Intel Coffeelake processor,
CPU clock:,3.4 GHz,
TABLE,Region MatVet_1024,Group 1 Raw,FLOPS_DP,6
Region Info,HWThread 3,
RDTSC Runtime [s],0.001273,
call count,1,
Event,Counter,HWThread 3
INSTR_RETIRED_ANY,FIXC0,6304633
CPU_CLK_UNHALTED_CORE,FIXC1,4350616
CPU_CLK_UNHALTED_REF,FIXC2,4026268
FP_ARITH_INST_RETIRED_128B_PACKED_DOUBLE,PMC0,0
FP_ARITH_INST_RETIRED_SCALAR_DOUBLE,PMC1,2097169
FP_ARITH_INST_RETIRED_256B_PACKED_DOUBLE,PMC2,0
TABLE,Region MatVet_1024,Group 1 Metric,FLOPS_DP,9
Metric,HWThread 3,
Runtime (RDTSC) [s],0.0013,
Runtime unhalted [s],0.0013,
Clock [MHz],3673.8971,
CPI,0.6901,
DP [MFLOP/s],1647.5275,
AVX DP [MFLOP/s],0,
Packed [MUOPS/s],0,
Scalar [MUOPS/s],1647.5275,
Vectorization ratio [%],0,
STRUCT,Info,3
CPU name:,Intel(R) Core(TM) i5-7500 CPU @ 3.40GHz,
CPU type:,Intel Coffeelake processor,
CPU clock:,3.4 GHz,
TABLE,Region MatMat_Otim_1024,Group 1 Raw,FLOPS_DP,6
Region Info,HWThread 3,
RDTSC Runtime [s],3.469204,
call count,1,
Event,Counter,HWThread 3
INSTR_RETIRED_ANY,FIXC0,5371342000
CPU_CLK_UNHALTED_CORE,FIXC1,13038130000
CPU_CLK_UNHALTED_REF,FIXC2,11738040000
FP_ARITH_INST_RETIRED_128B_PACKED_DOUBLE,PMC0,0
FP_ARITH_INST_RETIRED_SCALAR_DOUBLE,PMC1,2147484000
FP_ARITH_INST_RETIRED_256B_PACKED_DOUBLE,PMC2,0
TABLE,Region MatMat_Otim_1024,Group 1 Metric,FLOPS_DP,9
Metric,HWThread 3,
Runtime (RDTSC) [s],3.4692,
Runtime unhalted [s],3.8347,
Clock [MHz],3776.5796,
CPI,2.4274,
DP [MFLOP/s],619.0135,
AVX DP [MFLOP/s],0,
Packed [MUOPS/s],0,
Scalar [MUOPS/s],619.0135,
Vectorization ratio [%],0,
STRUCT,Info,3
CPU name:,Intel(R) Core(TM) i5-7500 CPU @ 3.40GHz,
CPU type:,Intel Coffeelake processor,
CPU clock:,3.4 GHz,
TABLE,Region MatMat_restrict_1024,Group 1 Raw,FLOPS_DP,6
Region Info,HWThread 3,
RDTSC Runtime [s],2.950128,
call count,1,
Event,Counter,HWThread 3
INSTR_RETIRED_ANY,FIXC0,4565642000
CPU_CLK_UNHALTED_CORE,FIXC1,11110150000
CPU_CLK_UNHALTED_REF,FIXC2,9995288000
FP_ARITH_INST_RETIRED_128B_PACKED_DOUBLE,PMC0,0
FP_ARITH_INST_RETIRED_SCALAR_DOUBLE,PMC1,2147484000
FP_ARITH_INST_RETIRED_256B_PACKED_DOUBLE,PMC2,0
TABLE,Region MatMat_restrict_1024,Group 1 Metric,FLOPS_DP,9
Metric,HWThread 3,
Runtime (RDTSC) [s],2.9501,
Runtime unhalted [s],3.2677,
Clock [MHz],3779.2318,
CPI,2.4334,
DP [MFLOP/s],727.9291,
AVX DP [MFLOP/s],0,
Packed [MUOPS/s],0,
Scalar [MUOPS/s],727.9291,
Vectorization ratio [%],0,
STRUCT,Info,3
CPU name:,Intel(R) Core(TM) i5-7500 CPU @ 3.40GHz,
CPU type:,Intel Coffeelake processor,
CPU clock:,3.4 GHz,
TABLE,Region MatMat_Otim_1900,Group 1 Raw,FLOPS_DP,6
Region Info,HWThread 3,
RDTSC Runtime [s],6.827096,
call count,1,
Event,Counter,HWThread 3
INSTR_RETIRED_ANY,FIXC0,34304040000
CPU_CLK_UNHALTED_CORE,FIXC1,25718350000
CPU_CLK_UNHALTED_REF,FIXC2,23128470000
FP_ARITH_INST_RETIRED_128B_PACKED_DOUBLE,PMC0,0
FP_ARITH_INST_RETIRED_SCALAR_DOUBLE,PMC1,13718000000
FP_ARITH_INST_RETIRED_256B_PACKED_DOUBLE,PMC2,0
TABLE,Region MatMat_Otim_1900,Group 1 Metric,FLOPS_DP,9
Metric,HWThread 3,
Runtime (RDTSC) [s],6.8271,
Runtime unhalted [s],7.5642,
Clock [MHz],3780.7252,
CPI,0.7497,
DP [MFLOP/s],2009.3463,
AVX DP [MFLOP/s],0,
Packed [MUOPS/s],0,
Scalar [MUOPS/s],2009.3463,
Vectorization ratio [%],0,
STRUCT,Info,3
CPU name:,Intel(R) Core(TM) i5-7500 CPU @ 3.40GHz,
CPU type:,Intel Coffeelake processor,
CPU clock:,3.4 GHz,
TABLE,Region MatMat_restrict_1900,Group 1 Raw,FLOPS_DP,6
Region Info,HWThread 3,
RDTSC Runtime [s],6.899470,
call count,1,
Event,Counter,HWThread 3
INSTR_RETIRED_ANY,FIXC0,29169380000
CPU_CLK_UNHALTED_CORE,FIXC1,25964970000
CPU_CLK_UNHALTED_REF,FIXC2,23367210000
FP_ARITH_INST_RETIRED_128B_PACKED_DOUBLE,PMC0,7220000
FP_ARITH_INST_RETIRED_SCALAR_DOUBLE,PMC1,13703560000
FP_ARITH_INST_RETIRED_256B_PACKED_DOUBLE,PMC2,0
TABLE,Region MatMat_restrict_1900,Group 1 Metric,FLOPS_DP,9
Metric,HWThread 3,
Runtime (RDTSC) [s],6.8995,
Runtime unhalted [s],7.6368,
Clock [MHz],3777.9820,
CPI,0.8901,
DP [MFLOP/s],1988.2687,
AVX DP [MFLOP/s],0,
Packed [MUOPS/s],1.0465,
Scalar [MUOPS/s],1986.1757,
Vectorization ratio [%],0.0527,
STRUCT,Info,3
CPU name:,Intel(R) Core(TM) i5-7500 CPU @ 3.40GHz,
CPU type:,Intel Coffeelake processor,
CPU clock:,3.4 GHz,
TABLE,Region MatMat_1900,Group 1 Raw,FLOPS_DP,6
Region Info,HWThread 3,
RDTSC Runtime [s],10.607200,
call count,1,
Event,Counter,HWThread 3
INSTR_RETIRED_ANY,FIXC0,48052740000
CPU_CLK_UNHALTED_CORE,FIXC1,39835530000
CPU_CLK_UNHALTED_REF,FIXC2,35835540000
FP_ARITH_INST_RETIRED_128B_PACKED_DOUBLE,PMC0,0
FP_ARITH_INST_RETIRED_SCALAR_DOUBLE,PMC1,13718000000
FP_ARITH_INST_RETIRED_256B_PACKED_DOUBLE,PMC2,0
TABLE,Region MatMat_1900,Group 1 Metric,FLOPS_DP,9
Metric,HWThread 3,
Runtime (RDTSC) [s],10.6072,
Runtime unhalted [s],11.7163,
Clock [MHz],3779.5106,
CPI,0.8290,
DP [MFLOP/s],1293.2725,
AVX DP [MFLOP/s],0,
Packed [MUOPS/s],0,
Scalar [MUOPS/s],1293.2725,
Vectorization ratio [%],0,
STRUCT,Info,3
CPU name:,Intel(R) Core(TM) i5-7500 CPU @ 3.40GHz,
CPU type:,Intel Coffeelake processor,
CPU clock:,3.4 GHz,
TABLE,Region MatVet_1900,Group 1 Raw,FLOPS_DP,6
Region Info,HWThread 3,
RDTSC Runtime [s],0.003886,
call count,1,
Event,Counter,HWThread 3
INSTR_RETIRED_ANY,FIXC0,21681060
CPU_CLK_UNHALTED_CORE,FIXC1,14571510
CPU_CLK_UNHALTED_REF,FIXC2,13103330
FP_ARITH_INST_RETIRED_128B_PACKED_DOUBLE,PMC0,0
FP_ARITH_INST_RETIRED_SCALAR_DOUBLE,PMC1,7220017
FP_ARITH_INST_RETIRED_256B_PACKED_DOUBLE,PMC2,0
TABLE,Region MatVet_1900,Group 1 Metric,FLOPS_DP,9
Metric,HWThread 3,
Runtime (RDTSC) [s],0.0039,
Runtime unhalted [s],0.0043,
Clock [MHz],3780.9575,
CPI,0.6721,
DP [MFLOP/s],1857.8929,
AVX DP [MFLOP/s],0,
Packed [MUOPS/s],0,
Scalar [MUOPS/s],1857.8929,
Vectorization ratio [%],0,
STRUCT,Info,3
CPU name:,Intel(R) Core(TM) i5-7500 CPU @ 3.40GHz,
CPU type:,Intel Coffeelake processor,
CPU clock:,3.4 GHz,
TABLE,Region MatVet_Otim_1900,Group 1 Raw,FLOPS_DP,6
Region Info,HWThread 3,
RDTSC Runtime [s],0.002560,
call count,1,
Event,Counter,HWThread 3
INSTR_RETIRED_ANY,FIXC0,18061050
CPU_CLK_UNHALTED_CORE,FIXC1,9558832
CPU_CLK_UNHALTED_REF,FIXC2,8595828
FP_ARITH_INST_RETIRED_128B_PACKED_DOUBLE,PMC0,0
FP_ARITH_INST_RETIRED_SCALAR_DOUBLE,PMC1,7220017
FP_ARITH_INST_RETIRED_256B_PACKED_DOUBLE,PMC2,0
TABLE,Region MatVet_Otim_1900,Group 1 Metric,FLOPS_DP,9
Metric,HWThread 3,
Runtime (RDTSC) [s],0.0026,
Runtime unhalted [s],0.0028,
Clock [MHz],3780.9073,
CPI,0.5293,
DP [MFLOP/s],2820.8282,
AVX DP [MFLOP/s],0,
Packed [MUOPS/s],0,
Scalar [MUOPS/s],2820.8282,
Vectorization ratio [%],0,
STRUCT,Info,3
CPU name:,Intel(R) Core(TM) i5-7500 CPU @ 3.40GHz,
CPU type:,Intel Coffeelake processor,
CPU clock:,3.4 GHz,
TABLE,Region MatMat_restrict_2048,Group 1 Raw,FLOPS_DP,6
Region Info,HWThread 3,
RDTSC Runtime [s],24.896130,
call count,1,
Event,Counter,HWThread 3
INSTR_RETIRED_ANY,FIXC0,36528060000
CPU_CLK_UNHALTED_CORE,FIXC1,91554730000
CPU_CLK_UNHALTED_REF,FIXC2,83124010000
FP_ARITH_INST_RETIRED_128B_PACKED_DOUBLE,PMC0,4529
FP_ARITH_INST_RETIRED_SCALAR_DOUBLE,PMC1,17179890000
FP_ARITH_INST_RETIRED_256B_PACKED_DOUBLE,PMC2,0
TABLE,Region MatMat_restrict_2048,Group 1 Metric,FLOPS_DP,9
Metric,HWThread 3,
Runtime (RDTSC) [s],24.8961,
Runtime unhalted [s],26.9279,
Clock [MHz],3744.8396,
CPI,2.5064,
DP [MFLOP/s],690.0630,
AVX DP [MFLOP/s],0,
Packed [MUOPS/s],0.0002,
Scalar [MUOPS/s],690.0627,
Vectorization ratio [%],2.636221e-05,
STRUCT,Info,3
CPU name:,Intel(R) Core(TM) i5-7500 CPU @ 3.40GHz,
CPU type:,Intel Coffeelake processor,
CPU clock:,3.4 GHz,
TABLE,Region MatMat_2048,Group 1 Raw,FLOPS_DP,6
Region Info,HWThread 3,
RDTSC Runtime [s],55.133010,
call count,1,
Event,Counter,HWThread 3
INSTR_RETIRED_ANY,FIXC0,60177030000
CPU_CLK_UNHALTED_CORE,FIXC1,207553500000
CPU_CLK_UNHALTED_REF,FIXC2,186705300000
FP_ARITH_INST_RETIRED_128B_PACKED_DOUBLE,PMC0,4278
FP_ARITH_INST_RETIRED_SCALAR_DOUBLE,PMC1,17179880000
FP_ARITH_INST_RETIRED_256B_PACKED_DOUBLE,PMC2,0
TABLE,Region MatMat_2048,Group 1 Metric,FLOPS_DP,9
Metric,HWThread 3,
Runtime (RDTSC) [s],55.1330,
Runtime unhalted [s],61.0451,
Clock [MHz],3779.6565,
CPI,3.4490,
DP [MFLOP/s],311.6080,
AVX DP [MFLOP/s],0,
Packed [MUOPS/s],0.0001,
Scalar [MUOPS/s],311.6079,
Vectorization ratio [%],2.490122e-05,
STRUCT,Info,3
CPU name:,Intel(R) Core(TM) i5-7500 CPU @ 3.40GHz,
CPU type:,Intel Coffeelake processor,
CPU clock:,3.4 GHz,
TABLE,Region MatMat_Otim_2048,Group 1 Raw,FLOPS_DP,6
Region Info,HWThread 3,
RDTSC Runtime [s],29.144140,
call count,1,
Event,Counter,HWThread 3
INSTR_RETIRED_ANY,FIXC0,42960190000
CPU_CLK_UNHALTED_CORE,FIXC1,109706400000
CPU_CLK_UNHALTED_REF,FIXC2,98725680000
FP_ARITH_INST_RETIRED_128B_PACKED_DOUBLE,PMC0,0
FP_ARITH_INST_RETIRED_SCALAR_DOUBLE,PMC1,17179870000
FP_ARITH_INST_RETIRED_256B_PACKED_DOUBLE,PMC2,0
TABLE,Region MatMat_Otim_2048,Group 1 Metric,FLOPS_DP,9
Metric,HWThread 3,
Runtime (RDTSC) [s],29.1441,
Runtime unhalted [s],32.2666,
Clock [MHz],3778.1635,
CPI,2.5537,
DP [MFLOP/s],589.4794,
AVX DP [MFLOP/s],0,
Packed [MUOPS/s],0,
Scalar [MUOPS/s],589.4794,
Vectorization ratio [%],0,
STRUCT,Info,3
CPU name:,Intel(R) Core(TM) i5-7500 CPU @ 3.40GHz,
CPU type:,Intel Coffeelake processor,
CPU clock:,3.4 GHz,
TABLE,Region MatVet_2048,Group 1 Raw,FLOPS_DP,6
Region Info,HWThread 3,
RDTSC Runtime [s],0.004612,
call count,1,
Event,Counter,HWThread 3
INSTR_RETIRED_ANY,FIXC0,25188220
CPU_CLK_UNHALTED_CORE,FIXC1,17010280
CPU_CLK_UNHALTED_REF,FIXC2,15346220
FP_ARITH_INST_RETIRED_128B_PACKED_DOUBLE,PMC0,0
FP_ARITH_INST_RETIRED_SCALAR_DOUBLE,PMC1,8388625
FP_ARITH_INST_RETIRED_256B_PACKED_DOUBLE,PMC2,0
TABLE,Region MatVet_2048,Group 1 Metric,FLOPS_DP,9
Metric,HWThread 3,
Runtime (RDTSC) [s],0.0046,
Runtime unhalted [s],0.0050,
Clock [MHz],3768.6774,
CPI,0.6753,
DP [MFLOP/s],1818.7573,
AVX DP [MFLOP/s],0,
Packed [MUOPS/s],0,
Scalar [MUOPS/s],1818.7573,
Vectorization ratio [%],0,
STRUCT,Info,3
CPU name:,Intel(R) Core(TM) i5-7500 CPU @ 3.40GHz,
CPU type:,Intel Coffeelake processor,
CPU clock:,3.4 GHz,
TABLE,Region MatVet_Otim_2048,Group 1 Raw,FLOPS_DP,6
Region Info,HWThread 3,
RDTSC Runtime [s],0.002964,
call count,1,
Event,Counter,HWThread 3
INSTR_RETIRED_ANY,FIXC0,20983240
CPU_CLK_UNHALTED_CORE,FIXC1,11083200
CPU_CLK_UNHALTED_REF,FIXC2,9973796
FP_ARITH_INST_RETIRED_128B_PACKED_DOUBLE,PMC0,0
FP_ARITH_INST_RETIRED_SCALAR_DOUBLE,PMC1,8388625
FP_ARITH_INST_RETIRED_256B_PACKED_DOUBLE,PMC2,0
TABLE,Region MatVet_Otim_2048,Group 1 Metric,FLOPS_DP,9
Metric,HWThread 3,
Runtime (RDTSC) [s],0.0030,
Runtime unhalted [s],0.0033,
Clock [MHz],3778.1884,
CPI,0.5282,
DP [MFLOP/s],2829.8219,
AVX DP [MFLOP/s],0,
Packed [MUOPS/s],0,
Scalar [MUOPS/s],2829.8219,
Vectorization ratio [%],0,
STRUCT,Info,3
CPU name:,Intel(R) Core(TM) i5-7500 CPU @ 3.40GHz,
CPU type:,Intel Coffeelake processor,
CPU clock:,3.4 GHz,
TABLE,Region MatMat_Otim_3000,Group 1 Raw,FLOPS_DP,6
Region Info,HWThread 3,
RDTSC Runtime [s],28.821970,
call count,1,
Event,Counter,HWThread 3
INSTR_RETIRED_ANY,FIXC0,135022600000
CPU_CLK_UNHALTED_CORE,FIXC1,106401100000
CPU_CLK_UNHALTED_REF,FIXC2,96428110000
FP_ARITH_INST_RETIRED_128B_PACKED_DOUBLE,PMC0,28
FP_ARITH_INST_RETIRED_SCALAR_DOUBLE,PMC1,54000000000
FP_ARITH_INST_RETIRED_256B_PACKED_DOUBLE,PMC2,0
TABLE,Region MatMat_Otim_3000,Group 1 Metric,FLOPS_DP,9
Metric,HWThread 3,
Runtime (RDTSC) [s],28.8220,
Runtime unhalted [s],31.2944,
Clock [MHz],3751.6419,
CPI,0.7880,
DP [MFLOP/s],1873.5708,
AVX DP [MFLOP/s],0,
Packed [MUOPS/s],9.714811e-07,
Scalar [MUOPS/s],1873.5708,
Vectorization ratio [%],5.185185e-08,
STRUCT,Info,3
CPU name:,Intel(R) Core(TM) i5-7500 CPU @ 3.40GHz,
CPU type:,Intel Coffeelake processor,
CPU clock:,3.4 GHz,
TABLE,Region MatMat_3000,Group 1 Raw,FLOPS_DP,6
Region Info,HWThread 3,
RDTSC Runtime [s],44.883360,
call count,1,
Event,Counter,HWThread 3
INSTR_RETIRED_ANY,FIXC0,189099100000
CPU_CLK_UNHALTED_CORE,FIXC1,166489800000
CPU_CLK_UNHALTED_REF,FIXC2,150371800000
FP_ARITH_INST_RETIRED_128B_PACKED_DOUBLE,PMC0,28
FP_ARITH_INST_RETIRED_SCALAR_DOUBLE,PMC1,54000000000
FP_ARITH_INST_RETIRED_256B_PACKED_DOUBLE,PMC2,0
TABLE,Region MatMat_3000,Group 1 Metric,FLOPS_DP,9
Metric,HWThread 3,
Runtime (RDTSC) [s],44.8834,
Runtime unhalted [s],48.9676,
Clock [MHz],3764.4380,
CPI,0.8804,
DP [MFLOP/s],1203.1185,
AVX DP [MFLOP/s],0,
Packed [MUOPS/s],6.238392e-07,
Scalar [MUOPS/s],1203.1185,
Vectorization ratio [%],5.185185e-08,
STRUCT,Info,3
CPU name:,Intel(R) Core(TM) i5-7500 CPU @ 3.40GHz,
CPU type:,Intel Coffeelake processor,
CPU clock:,3.4 GHz,
TABLE,Region MatVet_Otim_3000,Group 1 Raw,FLOPS_DP,6
Region Info,HWThread 3,
RDTSC Runtime [s],0.006252,
call count,1,
Event,Counter,HWThread 3
INSTR_RETIRED_ANY,FIXC0,45016040
CPU_CLK_UNHALTED_CORE,FIXC1,23400920
CPU_CLK_UNHALTED_REF,FIXC2,21048660
FP_ARITH_INST_RETIRED_128B_PACKED_DOUBLE,PMC0,0
FP_ARITH_INST_RETIRED_SCALAR_DOUBLE,PMC1,18000020
FP_ARITH_INST_RETIRED_256B_PACKED_DOUBLE,PMC2,0
TABLE,Region MatVet_Otim_3000,Group 1 Metric,FLOPS_DP,9
Metric,HWThread 3,
Runtime (RDTSC) [s],0.0063,
Runtime unhalted [s],0.0069,
Clock [MHz],3779.9617,
CPI,0.5198,
DP [MFLOP/s],2878.8692,
AVX DP [MFLOP/s],0,
Packed [MUOPS/s],0,
Scalar [MUOPS/s],2878.8692,
Vectorization ratio [%],0,
STRUCT,Info,3
CPU name:,Intel(R) Core(TM) i5-7500 CPU @ 3.40GHz,
CPU type:,Intel Coffeelake processor,
CPU clock:,3.4 GHz,
TABLE,Region MatMat_restrict_3000,Group 1 Raw,FLOPS_DP,6
Region Info,HWThread 3,
RDTSC Runtime [s],23.359460,
call count,1,
Event,Counter,HWThread 3
INSTR_RETIRED_ANY,FIXC0,114780000000
CPU_CLK_UNHALTED_CORE,FIXC1,86135620000
CPU_CLK_UNHALTED_REF,FIXC2,78077360000
FP_ARITH_INST_RETIRED_128B_PACKED_DOUBLE,PMC0,1359
FP_ARITH_INST_RETIRED_SCALAR_DOUBLE,PMC1,54000010000
FP_ARITH_INST_RETIRED_256B_PACKED_DOUBLE,PMC2,0
TABLE,Region MatMat_restrict_3000,Group 1 Metric,FLOPS_DP,9
Metric,HWThread 3,
Runtime (RDTSC) [s],23.3595,
Runtime unhalted [s],25.3340,
Clock [MHz],3750.9095,
CPI,0.7504,
DP [MFLOP/s],2311.6978,
AVX DP [MFLOP/s],0,
Packed [MUOPS/s],0.0001,
Scalar [MUOPS/s],2311.6977,
Vectorization ratio [%],2.516666e-06,
STRUCT,Info,3
CPU name:,Intel(R) Core(TM) i5-7500 CPU @ 3.40GHz,
CPU type:,Intel Coffeelake processor,
CPU clock:,3.4 GHz,
TABLE,Region MatVet_3000,Group 1 Raw,FLOPS_DP,6
Region Info,HWThread 3,
RDTSC Runtime [s],0.010118,
call count,1,
Event,Counter,HWThread 3
INSTR_RETIRED_ANY,FIXC0,54030970
CPU_CLK_UNHALTED_CORE,FIXC1,36456690
CPU_CLK_UNHALTED_REF,FIXC2,33668770
FP_ARITH_INST_RETIRED_128B_PACKED_DOUBLE,PMC0,0
FP_ARITH_INST_RETIRED_SCALAR_DOUBLE,PMC1,18000020
FP_ARITH_INST_RETIRED_256B_PACKED_DOUBLE,PMC2,0
TABLE,Region MatVet_3000,Group 1 Metric,FLOPS_DP,9
Metric,HWThread 3,
Runtime (RDTSC) [s],0.0101,
Runtime unhalted [s],0.0107,
Clock [MHz],3681.5347,
CPI,0.6747,
DP [MFLOP/s],1778.9710,
AVX DP [MFLOP/s],0,
Packed [MUOPS/s],0,
Scalar [MUOPS/s],1778.9710,
Vectorization ratio [%],0,
