STRUCT,Info,3
CPU name:,Intel(R) Core(TM) i5-7500 CPU @ 3.40GHz,
CPU type:,Intel Coffeelake processor,
CPU clock:,3.4 GHz,
TABLE,Region MatMat_Otim_64,Group 1 Raw,L3CACHE,6
Region Info,HWThread 3,
RDTSC Runtime [s],0.000167,
call count,1,
Event,Counter,HWThread 3
INSTR_RETIRED_ANY,FIXC0,1323953
CPU_CLK_UNHALTED_CORE,FIXC1,641550
CPU_CLK_UNHALTED_REF,FIXC2,577230
MEM_LOAD_RETIRED_L3_HIT,PMC0,201
MEM_LOAD_RETIRED_L3_MISS,PMC1,2
UOPS_RETIRED_ALL,PMC2,1783599
TABLE,Region MatMat_Otim_64,Group 1 Metric,L3CACHE,7
Metric,HWThread 3,
Runtime (RDTSC) [s],0.0002,
Runtime unhalted [s],0.0002,
Clock [MHz],3778.8576,
CPI,0.4846,
L3 request rate,0.0001,
L3 miss rate,1.121328e-06,
L3 miss ratio,0.0099,
STRUCT,Info,3
CPU name:,Intel(R) Core(TM) i5-7500 CPU @ 3.40GHz,
CPU type:,Intel Coffeelake processor,
CPU clock:,3.4 GHz,
TABLE,Region MatVet_64,Group 1 Raw,L3CACHE,6
Region Info,HWThread 3,
RDTSC Runtime [s],0.000005,
call count,1,
Event,Counter,HWThread 3
INSTR_RETIRED_ANY,FIXC0,29106
CPU_CLK_UNHALTED_CORE,FIXC1,29204
CPU_CLK_UNHALTED_REF,FIXC2,26270
MEM_LOAD_RETIRED_L3_HIT,PMC0,86
MEM_LOAD_RETIRED_L3_MISS,PMC1,8
UOPS_RETIRED_ALL,PMC2,35913
TABLE,Region MatVet_64,Group 1 Metric,L3CACHE,7
Metric,HWThread 3,
Runtime (RDTSC) [s],5.026471e-06,
Runtime unhalted [s],8.589412e-06,
Clock [MHz],3779.7335,
CPI,1.0034,
L3 request rate,0.0026,
L3 miss rate,0.0002,
L3 miss ratio,0.0851,
STRUCT,Info,3
CPU name:,Intel(R) Core(TM) i5-7500 CPU @ 3.40GHz,
CPU type:,Intel Coffeelake processor,
CPU clock:,3.4 GHz,
TABLE,Region MatVet_Otim_64,Group 1 Raw,L3CACHE,6
Region Info,HWThread 3,
RDTSC Runtime [s],0.000003,
call count,1,
Event,Counter,HWThread 3
INSTR_RETIRED_ANY,FIXC0,23268
CPU_CLK_UNHALTED_CORE,FIXC1,19475
CPU_CLK_UNHALTED_REF,FIXC2,17608
MEM_LOAD_RETIRED_L3_HIT,PMC0,84
MEM_LOAD_RETIRED_L3_MISS,PMC1,2
UOPS_RETIRED_ALL,PMC2,32116
TABLE,Region MatVet_Otim_64,Group 1 Metric,L3CACHE,7
Metric,HWThread 3,
Runtime (RDTSC) [s],2.877647e-06,
Runtime unhalted [s],5.727941e-06,
Clock [MHz],3760.5066,
CPI,0.8370,
L3 request rate,0.0027,
L3 miss rate,0.0001,
L3 miss ratio,0.0233,
STRUCT,Info,3
CPU name:,Intel(R) Core(TM) i5-7500 CPU @ 3.40GHz,
CPU type:,Intel Coffeelake processor,
CPU clock:,3.4 GHz,
TABLE,Region MatMat_restrict_64,Group 1 Raw,L3CACHE,6
Region Info,HWThread 3,
RDTSC Runtime [s],0.000124,
call count,1,
Event,Counter,HWThread 3
INSTR_RETIRED_ANY,FIXC0,1125823
CPU_CLK_UNHALTED_CORE,FIXC1,479442
CPU_CLK_UNHALTED_REF,FIXC2,431396
MEM_LOAD_RETIRED_L3_HIT,PMC0,255
MEM_LOAD_RETIRED_L3_MISS,PMC1,2
UOPS_RETIRED_ALL,PMC2,1620881
TABLE,Region MatMat_restrict_64,Group 1 Metric,L3CACHE,7
Metric,HWThread 3,
Runtime (RDTSC) [s],0.0001,
Runtime unhalted [s],0.0001,
Clock [MHz],3778.6693,
CPI,0.4259,
L3 request rate,0.0002,
L3 miss rate,1.233897e-06,
L3 miss ratio,0.0078,
STRUCT,Info,3
CPU name:,Intel(R) Core(TM) i5-7500 CPU @ 3.40GHz,
CPU type:,Intel Coffeelake processor,
CPU clock:,3.4 GHz,
TABLE,Region MatMat_64,Group 1 Raw,L3CACHE,6
Region Info,HWThread 3,
RDTSC Runtime [s],0.000228,
call count,1,
Event,Counter,HWThread 3
INSTR_RETIRED_ANY,FIXC0,1883135
CPU_CLK_UNHALTED_CORE,FIXC1,849371
CPU_CLK_UNHALTED_REF,FIXC2,763392
MEM_LOAD_RETIRED_L3_HIT,PMC0,124
MEM_LOAD_RETIRED_L3_MISS,PMC1,156
UOPS_RETIRED_ALL,PMC2,2145255
TABLE,Region MatMat_64,Group 1 Metric,L3CACHE,7
Metric,HWThread 3,
Runtime (RDTSC) [s],0.0002,
Runtime unhalted [s],0.0002,
Clock [MHz],3782.9338,
CPI,0.4510,
L3 request rate,0.0001,
L3 miss rate,0.0001,
L3 miss ratio,0.5571,
STRUCT,Info,3
CPU name:,Intel(R) Core(TM) i5-7500 CPU @ 3.40GHz,
CPU type:,Intel Coffeelake processor,
CPU clock:,3.4 GHz,
TABLE,Region MatMat_Otim_100,Group 1 Raw,L3CACHE,6
Region Info,HWThread 3,
RDTSC Runtime [s],0.000646,
call count,1,
Event,Counter,HWThread 3
INSTR_RETIRED_ANY,FIXC0,5028272
CPU_CLK_UNHALTED_CORE,FIXC1,2376632
CPU_CLK_UNHALTED_REF,FIXC2,2162376
MEM_LOAD_RETIRED_L3_HIT,PMC0,365
MEM_LOAD_RETIRED_L3_MISS,PMC1,135
UOPS_RETIRED_ALL,PMC2,6778123
TABLE,Region MatMat_Otim_100,Group 1 Metric,L3CACHE,7
Metric,HWThread 3,
Runtime (RDTSC) [s],0.0006,
Runtime unhalted [s],0.0007,
Clock [MHz],3736.8842,
CPI,0.4727,
L3 request rate,0.0001,
L3 miss rate,1.991702e-05,
L3 miss ratio,0.2700,
STRUCT,Info,3
CPU name:,Intel(R) Core(TM) i5-7500 CPU @ 3.40GHz,
CPU type:,Intel Coffeelake processor,
CPU clock:,3.4 GHz,
TABLE,Region MatVet_Otim_100,Group 1 Raw,L3CACHE,6
Region Info,HWThread 3,
RDTSC Runtime [s],0.000007,
call count,1,
Event,Counter,HWThread 3
INSTR_RETIRED_ANY,FIXC0,52950
CPU_CLK_UNHALTED_CORE,FIXC1,34930
CPU_CLK_UNHALTED_REF,FIXC2,31240
MEM_LOAD_RETIRED_L3_HIT,PMC0,137
MEM_LOAD_RETIRED_L3_MISS,PMC1,2
UOPS_RETIRED_ALL,PMC2,72121
TABLE,Region MatVet_Otim_100,Group 1 Metric,L3CACHE,7
Metric,HWThread 3,
Runtime (RDTSC) [s],6.910000e-06,
Runtime unhalted [s],1.027353e-05,
Clock [MHz],3801.6005,
CPI,0.6597,
L3 request rate,0.0019,
L3 miss rate,2.773117e-05,
L3 miss ratio,0.0144,
STRUCT,Info,3
CPU name:,Intel(R) Core(TM) i5-7500 CPU @ 3.40GHz,
CPU type:,Intel Coffeelake processor,
CPU clock:,3.4 GHz,
TABLE,Region MatVet_100,Group 1 Raw,L3CACHE,6
Region Info,HWThread 3,
RDTSC Runtime [s],0.000011,
call count,1,
Event,Counter,HWThread 3
INSTR_RETIRED_ANY,FIXC0,64858
CPU_CLK_UNHALTED_CORE,FIXC1,53645
CPU_CLK_UNHALTED_REF,FIXC2,48564
MEM_LOAD_RETIRED_L3_HIT,PMC0,90
MEM_LOAD_RETIRED_L3_MISS,PMC1,17
UOPS_RETIRED_ALL,PMC2,77531
TABLE,Region MatVet_100,Group 1 Metric,L3CACHE,7
Metric,HWThread 3,
Runtime (RDTSC) [s],1.097059e-05,
Runtime unhalted [s],1.577794e-05,
Clock [MHz],3755.7244,
CPI,0.8271,
L3 request rate,0.0014,
L3 miss rate,0.0002,
L3 miss ratio,0.1589,
STRUCT,Info,3
CPU name:,Intel(R) Core(TM) i5-7500 CPU @ 3.40GHz,
CPU type:,Intel Coffeelake processor,
CPU clock:,3.4 GHz,
TABLE,Region MatMat_100,Group 1 Raw,L3CACHE,6
Region Info,HWThread 3,
RDTSC Runtime [s],0.000939,
call count,1,
Event,Counter,HWThread 3
INSTR_RETIRED_ANY,FIXC0,7113447
CPU_CLK_UNHALTED_CORE,FIXC1,3338748
CPU_CLK_UNHALTED_REF,FIXC2,3006140
MEM_LOAD_RETIRED_L3_HIT,PMC0,549
MEM_LOAD_RETIRED_L3_MISS,PMC1,370
UOPS_RETIRED_ALL,PMC2,8112103
TABLE,Region MatMat_100,Group 1 Metric,L3CACHE,7
Metric,HWThread 3,
Runtime (RDTSC) [s],0.0009,
Runtime unhalted [s],0.0010,
Clock [MHz],3776.1858,
CPI,0.4694,
L3 request rate,0.0001,
L3 miss rate,4.561086e-05,
L3 miss ratio,0.4026,
STRUCT,Info,3
CPU name:,Intel(R) Core(TM) i5-7500 CPU @ 3.40GHz,
CPU type:,Intel Coffeelake processor,
CPU clock:,3.4 GHz,
TABLE,Region MatMat_restrict_100,Group 1 Raw,L3CACHE,6
Region Info,HWThread 3,
RDTSC Runtime [s],0.000513,
call count,1,
Event,Counter,HWThread 3
INSTR_RETIRED_ANY,FIXC0,4310191
CPU_CLK_UNHALTED_CORE,FIXC1,1899175
CPU_CLK_UNHALTED_REF,FIXC2,1753416
MEM_LOAD_RETIRED_L3_HIT,PMC0,601
MEM_LOAD_RETIRED_L3_MISS,PMC1,153
UOPS_RETIRED_ALL,PMC2,6135615
TABLE,Region MatMat_restrict_100,Group 1 Metric,L3CACHE,7
Metric,HWThread 3,
Runtime (RDTSC) [s],0.0005,
Runtime unhalted [s],0.0006,
Clock [MHz],3682.6372,
CPI,0.4406,
L3 request rate,0.0001,
L3 miss rate,2.493638e-05,
L3 miss ratio,0.2029,
STRUCT,Info,3
CPU name:,Intel(R) Core(TM) i5-7500 CPU @ 3.40GHz,
CPU type:,Intel Coffeelake processor,
CPU clock:,3.4 GHz,
TABLE,Region MatVet_128,Group 1 Raw,L3CACHE,6
Region Info,HWThread 3,
RDTSC Runtime [s],0.000018,
call count,1,
Event,Counter,HWThread 3
INSTR_RETIRED_ANY,FIXC0,103415
CPU_CLK_UNHALTED_CORE,FIXC1,76651
CPU_CLK_UNHALTED_REF,FIXC2,70858
MEM_LOAD_RETIRED_L3_HIT,PMC0,103
MEM_LOAD_RETIRED_L3_MISS,PMC1,10
UOPS_RETIRED_ALL,PMC2,122808
TABLE,Region MatVet_128,Group 1 Metric,L3CACHE,7
Metric,HWThread 3,
Runtime (RDTSC) [s],1.769706e-05,
Runtime unhalted [s],2.254441e-05,
Clock [MHz],3677.9672,
CPI,0.7412,
L3 request rate,0.0009,
L3 miss rate,0.0001,
L3 miss ratio,0.0885,
STRUCT,Info,3
CPU name:,Intel(R) Core(TM) i5-7500 CPU @ 3.40GHz,
CPU type:,Intel Coffeelake processor,
CPU clock:,3.4 GHz,
TABLE,Region MatMat_restrict_128,Group 1 Raw,L3CACHE,6
Region Info,HWThread 3,
RDTSC Runtime [s],0.001285,
call count,1,
Event,Counter,HWThread 3
INSTR_RETIRED_ANY,FIXC0,8951184
CPU_CLK_UNHALTED_CORE,FIXC1,4699055
CPU_CLK_UNHALTED_REF,FIXC2,4237706
MEM_LOAD_RETIRED_L3_HIT,PMC0,693
MEM_LOAD_RETIRED_L3_MISS,PMC1,2
UOPS_RETIRED_ALL,PMC2,12892950
TABLE,Region MatMat_restrict_128,Group 1 Metric,L3CACHE,7
Metric,HWThread 3,
Runtime (RDTSC) [s],0.0013,
Runtime unhalted [s],0.0014,
Clock [MHz],3770.1499,
CPI,0.5250,
L3 request rate,0.0001,
L3 miss rate,1.551235e-07,
L3 miss ratio,0.0029,
STRUCT,Info,3
CPU name:,Intel(R) Core(TM) i5-7500 CPU @ 3.40GHz,
CPU type:,Intel Coffeelake processor,
CPU clock:,3.4 GHz,
TABLE,Region MatMat_128,Group 1 Raw,L3CACHE,6
Region Info,HWThread 3,
RDTSC Runtime [s],0.002020,
call count,1,
Event,Counter,HWThread 3
INSTR_RETIRED_ANY,FIXC0,14864030
CPU_CLK_UNHALTED_CORE,FIXC1,7236013
CPU_CLK_UNHALTED_REF,FIXC2,6681952
MEM_LOAD_RETIRED_L3_HIT,PMC0,1082
MEM_LOAD_RETIRED_L3_MISS,PMC1,244
UOPS_RETIRED_ALL,PMC2,16956850
TABLE,Region MatMat_128,Group 1 Metric,L3CACHE,7
Metric,HWThread 3,
Runtime (RDTSC) [s],0.0020,
Runtime unhalted [s],0.0021,
Clock [MHz],3681.9247,
CPI,0.4868,
L3 request rate,0.0001,
L3 miss rate,1.438947e-05,
L3 miss ratio,0.1840,
STRUCT,Info,3
CPU name:,Intel(R) Core(TM) i5-7500 CPU @ 3.40GHz,
CPU type:,Intel Coffeelake processor,
CPU clock:,3.4 GHz,
TABLE,Region MatVet_Otim_128,Group 1 Raw,L3CACHE,6
Region Info,HWThread 3,
RDTSC Runtime [s],0.000011,
call count,1,
Event,Counter,HWThread 3
INSTR_RETIRED_ANY,FIXC0,84996
CPU_CLK_UNHALTED_CORE,FIXC1,50086
CPU_CLK_UNHALTED_REF,FIXC2,46150
MEM_LOAD_RETIRED_L3_HIT,PMC0,162
MEM_LOAD_RETIRED_L3_MISS,PMC1,2
UOPS_RETIRED_ALL,PMC2,115353
TABLE,Region MatVet_Otim_128,Group 1 Metric,L3CACHE,7
Metric,HWThread 3,
Runtime (RDTSC) [s],1.124529e-05,
Runtime unhalted [s],1.473118e-05,
Clock [MHz],3689.9762,
CPI,0.5893,
L3 request rate,0.0014,
L3 miss rate,1.733808e-05,
L3 miss ratio,0.0122,
STRUCT,Info,3
CPU name:,Intel(R) Core(TM) i5-7500 CPU @ 3.40GHz,
CPU type:,Intel Coffeelake processor,
CPU clock:,3.4 GHz,
TABLE,Region MatMat_Otim_128,Group 1 Raw,L3CACHE,6
Region Info,HWThread 3,
RDTSC Runtime [s],0.001499,
call count,1,
Event,Counter,HWThread 3
INSTR_RETIRED_ANY,FIXC0,10530210
CPU_CLK_UNHALTED_CORE,FIXC1,5530483
CPU_CLK_UNHALTED_REF,FIXC2,5106036
MEM_LOAD_RETIRED_L3_HIT,PMC0,626
MEM_LOAD_RETIRED_L3_MISS,PMC1,27
UOPS_RETIRED_ALL,PMC2,14198270
TABLE,Region MatMat_Otim_128,Group 1 Metric,L3CACHE,7
Metric,HWThread 3,
Runtime (RDTSC) [s],0.0015,
Runtime unhalted [s],0.0016,
Clock [MHz],3682.6302,
CPI,0.5252,
L3 request rate,4.599152e-05,
L3 miss rate,1.901640e-06,
L3 miss ratio,0.0413,
STRUCT,Info,3
CPU name:,Intel(R) Core(TM) i5-7500 CPU @ 3.40GHz,
CPU type:,Intel Coffeelake processor,
CPU clock:,3.4 GHz,
TABLE,Region MatMat_Otim_170,Group 1 Raw,L3CACHE,6
Region Info,HWThread 3,
RDTSC Runtime [s],0.003427,
call count,1,
Event,Counter,HWThread 3
INSTR_RETIRED_ANY,FIXC0,24759910
CPU_CLK_UNHALTED_CORE,FIXC1,12185610
CPU_CLK_UNHALTED_REF,FIXC2,11250380
MEM_LOAD_RETIRED_L3_HIT,PMC0,11091
MEM_LOAD_RETIRED_L3_MISS,PMC1,285
UOPS_RETIRED_ALL,PMC2,33309300
TABLE,Region MatMat_Otim_170,Group 1 Metric,L3CACHE,7
Metric,HWThread 3,
Runtime (RDTSC) [s],0.0034,
Runtime unhalted [s],0.0036,
Clock [MHz],3682.6377,
CPI,0.4922,
L3 request rate,0.0003,
L3 miss rate,8.556169e-06,
L3 miss ratio,0.0251,
STRUCT,Info,3
CPU name:,Intel(R) Core(TM) i5-7500 CPU @ 3.40GHz,
CPU type:,Intel Coffeelake processor,
CPU clock:,3.4 GHz,
TABLE,Region MatMat_restrict_170,Group 1 Raw,L3CACHE,6
Region Info,HWThread 3,
RDTSC Runtime [s],0.002848,
call count,1,
Event,Counter,HWThread 3
INSTR_RETIRED_ANY,FIXC0,20993560
CPU_CLK_UNHALTED_CORE,FIXC1,9471370
CPU_CLK_UNHALTED_REF,FIXC2,8849156
MEM_LOAD_RETIRED_L3_HIT,PMC0,10696
MEM_LOAD_RETIRED_L3_MISS,PMC1,718
UOPS_RETIRED_ALL,PMC2,30147250
TABLE,Region MatMat_restrict_170,Group 1 Metric,L3CACHE,7
Metric,HWThread 3,
Runtime (RDTSC) [s],0.0028,
Runtime unhalted [s],0.0028,
Clock [MHz],3639.0655,
CPI,0.4512,
L3 request rate,0.0004,
L3 miss rate,2.381643e-05,
L3 miss ratio,0.0629,
STRUCT,Info,3
CPU name:,Intel(R) Core(TM) i5-7500 CPU @ 3.40GHz,
CPU type:,Intel Coffeelake processor,
CPU clock:,3.4 GHz,
TABLE,Region MatMat_170,Group 1 Raw,L3CACHE,6
Region Info,HWThread 3,
RDTSC Runtime [s],0.005066,
call count,1,
Event,Counter,HWThread 3
INSTR_RETIRED_ANY,FIXC0,34713140
CPU_CLK_UNHALTED_CORE,FIXC1,18145380
CPU_CLK_UNHALTED_REF,FIXC2,16562450
MEM_LOAD_RETIRED_L3_HIT,PMC0,75134
MEM_LOAD_RETIRED_L3_MISS,PMC1,1853
UOPS_RETIRED_ALL,PMC2,39635990
TABLE,Region MatMat_170,Group 1 Metric,L3CACHE,7
Metric,HWThread 3,
Runtime (RDTSC) [s],0.0051,
Runtime unhalted [s],0.0053,
Clock [MHz],3724.9496,
CPI,0.5227,
L3 request rate,0.0019,
L3 miss rate,4.675044e-05,
L3 miss ratio,0.0241,
STRUCT,Info,3
CPU name:,Intel(R) Core(TM) i5-7500 CPU @ 3.40GHz,
CPU type:,Intel Coffeelake processor,
CPU clock:,3.4 GHz,
TABLE,Region MatVet_170,Group 1 Raw,L3CACHE,6
Region Info,HWThread 3,
RDTSC Runtime [s],0.000030,
call count,1,
Event,Counter,HWThread 3
INSTR_RETIRED_ANY,FIXC0,178889
CPU_CLK_UNHALTED_CORE,FIXC1,126668
CPU_CLK_UNHALTED_REF,FIXC2,113884
MEM_LOAD_RETIRED_L3_HIT,PMC0,126
MEM_LOAD_RETIRED_L3_MISS,PMC1,13
UOPS_RETIRED_ALL,PMC2,210751
TABLE,Region MatVet_170,Group 1 Metric,L3CACHE,7
Metric,HWThread 3,
Runtime (RDTSC) [s],3.022118e-05,
Runtime unhalted [s],3.725529e-05,
Clock [MHz],3781.6656,
CPI,0.7081,
L3 request rate,0.0007,
L3 miss rate,0.0001,
L3 miss ratio,0.0935,
STRUCT,Info,3
CPU name:,Intel(R) Core(TM) i5-7500 CPU @ 3.40GHz,
CPU type:,Intel Coffeelake processor,
CPU clock:,3.4 GHz,
TABLE,Region MatVet_Otim_170,Group 1 Raw,L3CACHE,6
Region Info,HWThread 3,
RDTSC Runtime [s],0.000026,
call count,1,
Event,Counter,HWThread 3
INSTR_RETIRED_ANY,FIXC0,148126
CPU_CLK_UNHALTED_CORE,FIXC1,104028
CPU_CLK_UNHALTED_REF,FIXC2,95992
MEM_LOAD_RETIRED_L3_HIT,PMC0,144
MEM_LOAD_RETIRED_L3_MISS,PMC1,130
UOPS_RETIRED_ALL,PMC2,200124
TABLE,Region MatVet_Otim_170,Group 1 Metric,L3CACHE,7
Metric,HWThread 3,
Runtime (RDTSC) [s],2.584059e-05,
Runtime unhalted [s],3.059647e-05,
Clock [MHz],3684.6321,
CPI,0.7023,
L3 request rate,0.0014,
L3 miss rate,0.0006,
L3 miss ratio,0.4745,
STRUCT,Info,3
CPU name:,Intel(R) Core(TM) i5-7500 CPU @ 3.40GHz,
CPU type:,Intel Coffeelake processor,
CPU clock:,3.4 GHz,
TABLE,Region MatVet_Otim_256,Group 1 Raw,L3CACHE,6
Region Info,HWThread 3,
RDTSC Runtime [s],0.000047,
call count,1,
Event,Counter,HWThread 3
INSTR_RETIRED_ANY,FIXC0,331332
CPU_CLK_UNHALTED_CORE,FIXC1,186660
CPU_CLK_UNHALTED_REF,FIXC2,167986
MEM_LOAD_RETIRED_L3_HIT,PMC0,254
MEM_LOAD_RETIRED_L3_MISS,PMC1,57
UOPS_RETIRED_ALL,PMC2,447670
TABLE,Region MatVet_Otim_256,Group 1 Metric,L3CACHE,7
Metric,HWThread 3,
Runtime (RDTSC) [s],4.690765e-05,
Runtime unhalted [s],0.0001,
Clock [MHz],3777.9577,
CPI,0.5634,
L3 request rate,0.0007,
L3 miss rate,0.0001,
L3 miss ratio,0.1833,
STRUCT,Info,3
CPU name:,Intel(R) Core(TM) i5-7500 CPU @ 3.40GHz,
CPU type:,Intel Coffeelake processor,
CPU clock:,3.4 GHz,
TABLE,Region MatVet_256,Group 1 Raw,L3CACHE,6
Region Info,HWThread 3,
RDTSC Runtime [s],0.000070,
call count,1,
Event,Counter,HWThread 3
INSTR_RETIRED_ANY,FIXC0,399478
CPU_CLK_UNHALTED_CORE,FIXC1,269358
CPU_CLK_UNHALTED_REF,FIXC2,248216
MEM_LOAD_RETIRED_L3_HIT,PMC0,131
MEM_LOAD_RETIRED_L3_MISS,PMC1,9
UOPS_RETIRED_ALL,PMC2,467544
TABLE,Region MatVet_256,Group 1 Metric,L3CACHE,7
Metric,HWThread 3,
Runtime (RDTSC) [s],0.0001,
Runtime unhalted [s],0.0001,
Clock [MHz],3689.5978,
CPI,0.6743,
L3 request rate,0.0003,
L3 miss rate,1.924953e-05,
L3 miss ratio,0.0643,
STRUCT,Info,3
CPU name:,Intel(R) Core(TM) i5-7500 CPU @ 3.40GHz,
CPU type:,Intel Coffeelake processor,
CPU clock:,3.4 GHz,
TABLE,Region MatMat_256,Group 1 Raw,L3CACHE,6
Region Info,HWThread 3,
RDTSC Runtime [s],0.029980,
call count,1,
Event,Counter,HWThread 3
INSTR_RETIRED_ANY,FIXC0,118166700
CPU_CLK_UNHALTED_CORE,FIXC1,109580200
CPU_CLK_UNHALTED_REF,FIXC2,98874170
MEM_LOAD_RETIRED_L3_HIT,PMC0,8029914
MEM_LOAD_RETIRED_L3_MISS,PMC1,835
UOPS_RETIRED_ALL,PMC2,134969000
TABLE,Region MatMat_256,Group 1 Metric,L3CACHE,7
Metric,HWThread 3,
Runtime (RDTSC) [s],0.0300,
Runtime unhalted [s],0.0322,
Clock [MHz],3768.1498,
CPI,0.9273,
L3 request rate,0.0595,
L3 miss rate,6.186606e-06,
L3 miss ratio,0.0001,
STRUCT,Info,3
CPU name:,Intel(R) Core(TM) i5-7500 CPU @ 3.40GHz,
CPU type:,Intel Coffeelake processor,
CPU clock:,3.4 GHz,
TABLE,Region MatMat_Otim_256,Group 1 Raw,L3CACHE,6
Region Info,HWThread 3,
RDTSC Runtime [s],0.023765,
call count,1,
Event,Counter,HWThread 3
INSTR_RETIRED_ANY,FIXC0,84054410
CPU_CLK_UNHALTED_CORE,FIXC1,88527040
CPU_CLK_UNHALTED_REF,FIXC2,79653340
MEM_LOAD_RETIRED_L3_HIT,PMC0,36382
MEM_LOAD_RETIRED_L3_MISS,PMC1,63
UOPS_RETIRED_ALL,PMC2,113409800
TABLE,Region MatMat_Otim_256,Group 1 Metric,L3CACHE,7
Metric,HWThread 3,
Runtime (RDTSC) [s],0.0238,
Runtime unhalted [s],0.0260,
Clock [MHz],3778.7736,
CPI,1.0532,
L3 request rate,0.0003,
L3 miss rate,5.555075e-07,
L3 miss ratio,0.0017,
STRUCT,Info,3
CPU name:,Intel(R) Core(TM) i5-7500 CPU @ 3.40GHz,
CPU type:,Intel Coffeelake processor,
CPU clock:,3.4 GHz,
TABLE,Region MatMat_restrict_256,Group 1 Raw,L3CACHE,6
Region Info,HWThread 3,
RDTSC Runtime [s],0.016915,
call count,1,
Event,Counter,HWThread 3
INSTR_RETIRED_ANY,FIXC0,71446840
CPU_CLK_UNHALTED_CORE,FIXC1,63013970
CPU_CLK_UNHALTED_REF,FIXC2,56737950
MEM_LOAD_RETIRED_L3_HIT,PMC0,206960
MEM_LOAD_RETIRED_L3_MISS,PMC1,130
UOPS_RETIRED_ALL,PMC2,102938400
TABLE,Region MatMat_restrict_256,Group 1 Metric,L3CACHE,7
Metric,HWThread 3,
Runtime (RDTSC) [s],0.0169,
Runtime unhalted [s],0.0185,
Clock [MHz],3776.0881,
CPI,0.8820,
L3 request rate,0.0020,
L3 miss rate,1.262891e-06,
L3 miss ratio,0.0006,
STRUCT,Info,3
CPU name:,Intel(R) Core(TM) i5-7500 CPU @ 3.40GHz,
CPU type:,Intel Coffeelake processor,
CPU clock:,3.4 GHz,
TABLE,Region MatMat_Otim_350,Group 1 Raw,L3CACHE,6
Region Info,HWThread 3,
RDTSC Runtime [s],0.035268,
call count,1,
Event,Counter,HWThread 3
INSTR_RETIRED_ANY,FIXC0,215183100
CPU_CLK_UNHALTED_CORE,FIXC1,132144900
CPU_CLK_UNHALTED_REF,FIXC2,118923300
MEM_LOAD_RETIRED_L3_HIT,PMC0,145033
MEM_LOAD_RETIRED_L3_MISS,PMC1,1937
UOPS_RETIRED_ALL,PMC2,290011600
TABLE,Region MatMat_Otim_350,Group 1 Metric,L3CACHE,7
Metric,HWThread 3,
Runtime (RDTSC) [s],0.0353,
Runtime unhalted [s],0.0389,
Clock [MHz],3778.0036,
CPI,0.6141,
L3 request rate,0.0005,
L3 miss rate,6.679043e-06,
L3 miss ratio,0.0132,
STRUCT,Info,3
CPU name:,Intel(R) Core(TM) i5-7500 CPU @ 3.40GHz,
CPU type:,Intel Coffeelake processor,
CPU clock:,3.4 GHz,
TABLE,Region MatMat_350,Group 1 Raw,L3CACHE,6
Region Info,HWThread 3,
RDTSC Runtime [s],0.045533,
call count,1,
Event,Counter,HWThread 3
INSTR_RETIRED_ANY,FIXC0,301478900
CPU_CLK_UNHALTED_CORE,FIXC1,166563900
CPU_CLK_UNHALTED_REF,FIXC2,150689400
MEM_LOAD_RETIRED_L3_HIT,PMC0,2799745
MEM_LOAD_RETIRED_L3_MISS,PMC1,10764
UOPS_RETIRED_ALL,PMC2,344395300
TABLE,Region MatMat_350,Group 1 Metric,L3CACHE,7
Metric,HWThread 3,
Runtime (RDTSC) [s],0.0455,
Runtime unhalted [s],0.0490,
Clock [MHz],3758.1758,
CPI,0.5525,
L3 request rate,0.0082,
L3 miss rate,3.125478e-05,
L3 miss ratio,0.0038,
STRUCT,Info,3
CPU name:,Intel(R) Core(TM) i5-7500 CPU @ 3.40GHz,
CPU type:,Intel Coffeelake processor,
CPU clock:,3.4 GHz,
TABLE,Region MatVet_350,Group 1 Raw,L3CACHE,6
Region Info,HWThread 3,
RDTSC Runtime [s],0.000128,
call count,1,
Event,Counter,HWThread 3
INSTR_RETIRED_ANY,FIXC0,742108
CPU_CLK_UNHALTED_CORE,FIXC1,496717
CPU_CLK_UNHALTED_REF,FIXC2,446590
MEM_LOAD_RETIRED_L3_HIT,PMC0,136
MEM_LOAD_RETIRED_L3_MISS,PMC1,17
UOPS_RETIRED_ALL,PMC2,867052
TABLE,Region MatVet_350,Group 1 Metric,L3CACHE,7
Metric,HWThread 3,
Runtime (RDTSC) [s],0.0001,
Runtime unhalted [s],0.0001,
Clock [MHz],3781.6292,
CPI,0.6693,
L3 request rate,0.0002,
L3 miss rate,1.960667e-05,
L3 miss ratio,0.1111,
STRUCT,Info,3
CPU name:,Intel(R) Core(TM) i5-7500 CPU @ 3.40GHz,
CPU type:,Intel Coffeelake processor,
CPU clock:,3.4 GHz,
TABLE,Region MatVet_Otim_350,Group 1 Raw,L3CACHE,6
Region Info,HWThread 3,
RDTSC Runtime [s],0.000090,
call count,1,
Event,Counter,HWThread 3
INSTR_RETIRED_ANY,FIXC0,617296
CPU_CLK_UNHALTED_CORE,FIXC1,351269
CPU_CLK_UNHALTED_REF,FIXC2,316234
MEM_LOAD_RETIRED_L3_HIT,PMC0,360
MEM_LOAD_RETIRED_L3_MISS,PMC1,135
UOPS_RETIRED_ALL,PMC2,832794
TABLE,Region MatVet_Otim_350,Group 1 Metric,L3CACHE,7
Metric,HWThread 3,
Runtime (RDTSC) [s],0.0001,
Runtime unhalted [s],0.0001,
Clock [MHz],3776.6799,
CPI,0.5690,
L3 request rate,0.0006,
L3 miss rate,0.0002,
L3 miss ratio,0.2727,
STRUCT,Info,3
CPU name:,Intel(R) Core(TM) i5-7500 CPU @ 3.40GHz,
CPU type:,Intel Coffeelake processor,
CPU clock:,3.4 GHz,
TABLE,Region MatMat_restrict_350,Group 1 Raw,L3CACHE,6
Region Info,HWThread 3,
RDTSC Runtime [s],0.025457,
call count,1,
Event,Counter,HWThread 3
INSTR_RETIRED_ANY,FIXC0,183064600
CPU_CLK_UNHALTED_CORE,FIXC1,94137680
CPU_CLK_UNHALTED_REF,FIXC2,84894130
MEM_LOAD_RETIRED_L3_HIT,PMC0,390275
MEM_LOAD_RETIRED_L3_MISS,PMC1,10847
UOPS_RETIRED_ALL,PMC2,262509900
TABLE,Region MatMat_restrict_350,Group 1 Metric,L3CACHE,7
Metric,HWThread 3,
Runtime (RDTSC) [s],0.0255,
Runtime unhalted [s],0.0277,
Clock [MHz],3770.2031,
CPI,0.5142,
L3 request rate,0.0015,
L3 miss rate,4.132035e-05,
L3 miss ratio,0.0270,
STRUCT,Info,3
CPU name:,Intel(R) Core(TM) i5-7500 CPU @ 3.40GHz,
CPU type:,Intel Coffeelake processor,
CPU clock:,3.4 GHz,
TABLE,Region MatVet_512,Group 1 Raw,L3CACHE,6
Region Info,HWThread 3,
RDTSC Runtime [s],0.000309,
call count,1,
Event,Counter,HWThread 3
INSTR_RETIRED_ANY,FIXC0,1581431
CPU_CLK_UNHALTED_CORE,FIXC1,1131016
CPU_CLK_UNHALTED_REF,FIXC2,1017004
MEM_LOAD_RETIRED_L3_HIT,PMC0,120
MEM_LOAD_RETIRED_L3_MISS,PMC1,20
UOPS_RETIRED_ALL,PMC2,1846545
TABLE,Region MatVet_512,Group 1 Metric,L3CACHE,7
Metric,HWThread 3,
Runtime (RDTSC) [s],0.0003,
Runtime unhalted [s],0.0003,
Clock [MHz],3781.1596,
CPI,0.7152,
L3 request rate,0.0001,
L3 miss rate,1.083104e-05,
L3 miss ratio,0.1429,
STRUCT,Info,3
CPU name:,Intel(R) Core(TM) i5-7500 CPU @ 3.40GHz,
CPU type:,Intel Coffeelake processor,
CPU clock:,3.4 GHz,
TABLE,Region MatMat_512,Group 1 Raw,L3CACHE,6
Region Info,HWThread 3,
RDTSC Runtime [s],0.299091,
call count,1,
Event,Counter,HWThread 3
INSTR_RETIRED_ANY,FIXC0,942416300
CPU_CLK_UNHALTED_CORE,FIXC1,1115391000
CPU_CLK_UNHALTED_REF,FIXC2,1004548000
MEM_LOAD_RETIRED_L3_HIT,PMC0,2316238
MEM_LOAD_RETIRED_L3_MISS,PMC1,6211
UOPS_RETIRED_ALL,PMC2,1076775000
TABLE,Region MatMat_512,Group 1 Metric,L3CACHE,7
Metric,HWThread 3,
Runtime (RDTSC) [s],0.2991,
Runtime unhalted [s],0.3281,
Clock [MHz],3775.1600,
CPI,1.1835,
L3 request rate,0.0022,
L3 miss rate,5.768150e-06,
L3 miss ratio,0.0027,
STRUCT,Info,3
CPU name:,Intel(R) Core(TM) i5-7500 CPU @ 3.40GHz,
CPU type:,Intel Coffeelake processor,
CPU clock:,3.4 GHz,
TABLE,Region MatMat_restrict_512,Group 1 Raw,L3CACHE,6
Region Info,HWThread 3,
RDTSC Runtime [s],0.332721,
call count,1,
Event,Counter,HWThread 3
INSTR_RETIRED_ANY,FIXC0,570988700
CPU_CLK_UNHALTED_CORE,FIXC1,1242437000
CPU_CLK_UNHALTED_REF,FIXC2,1118785000
MEM_LOAD_RETIRED_L3_HIT,PMC0,1709144
MEM_LOAD_RETIRED_L3_MISS,PMC1,8219
UOPS_RETIRED_ALL,PMC2,822889600
TABLE,Region MatMat_restrict_512,Group 1 Metric,L3CACHE,7
Metric,HWThread 3,
Runtime (RDTSC) [s],0.3327,
Runtime unhalted [s],0.3654,
Clock [MHz],3775.7798,
CPI,2.1759,
L3 request rate,0.0021,
L3 miss rate,9.987974e-06,
L3 miss ratio,0.0048,
STRUCT,Info,3
CPU name:,Intel(R) Core(TM) i5-7500 CPU @ 3.40GHz,
CPU type:,Intel Coffeelake processor,
CPU clock:,3.4 GHz,
TABLE,Region MatMat_Otim_512,Group 1 Raw,L3CACHE,6
Region Info,HWThread 3,
RDTSC Runtime [s],0.252793,
call count,1,
Event,Counter,HWThread 3
INSTR_RETIRED_ANY,FIXC0,671750500
CPU_CLK_UNHALTED_CORE,FIXC1,951384400
CPU_CLK_UNHALTED_REF,FIXC2,855756900
MEM_LOAD_RETIRED_L3_HIT,PMC0,346759
MEM_LOAD_RETIRED_L3_MISS,PMC1,829
UOPS_RETIRED_ALL,PMC2,906617700
TABLE,Region MatMat_Otim_512,Group 1 Metric,L3CACHE,7
Metric,HWThread 3,
Runtime (RDTSC) [s],0.2528,
Runtime unhalted [s],0.2798,
Clock [MHz],3779.9368,
CPI,1.4163,
L3 request rate,0.0004,
L3 miss rate,9.143876e-07,
L3 miss ratio,0.0024,
STRUCT,Info,3
CPU name:,Intel(R) Core(TM) i5-7500 CPU @ 3.40GHz,
CPU type:,Intel Coffeelake processor,
CPU clock:,3.4 GHz,
TABLE,Region MatVet_Otim_512,Group 1 Raw,L3CACHE,6
Region Info,HWThread 3,
RDTSC Runtime [s],0.000189,
call count,1,
Event,Counter,HWThread 3
INSTR_RETIRED_ANY,FIXC0,1315524
CPU_CLK_UNHALTED_CORE,FIXC1,723007
CPU_CLK_UNHALTED_REF,FIXC2,649650
MEM_LOAD_RETIRED_L3_HIT,PMC0,364
MEM_LOAD_RETIRED_L3_MISS,PMC1,385
UOPS_RETIRED_ALL,PMC2,1776099
TABLE,Region MatVet_Otim_512,Group 1 Metric,L3CACHE,7
Metric,HWThread 3,
Runtime (RDTSC) [s],0.0002,
Runtime unhalted [s],0.0002,
Clock [MHz],3783.9203,
CPI,0.5496,
L3 request rate,0.0004,
L3 miss rate,0.0002,
L3 miss ratio,0.5140,
STRUCT,Info,3
CPU name:,Intel(R) Core(TM) i5-7500 CPU @ 3.40GHz,
CPU type:,Intel Coffeelake processor,
CPU clock:,3.4 GHz,
TABLE,Region MatVet_1024,Group 1 Raw,L3CACHE,6
Region Info,HWThread 3,
RDTSC Runtime [s],0.001191,
call count,1,
Event,Counter,HWThread 3
INSTR_RETIRED_ANY,FIXC0,6304633
CPU_CLK_UNHALTED_CORE,FIXC1,4268480
CPU_CLK_UNHALTED_REF,FIXC2,3941494
MEM_LOAD_RETIRED_L3_HIT,PMC0,144
MEM_LOAD_RETIRED_L3_MISS,PMC1,27
UOPS_RETIRED_ALL,PMC2,7356443
TABLE,Region MatVet_1024,Group 1 Metric,L3CACHE,7
Metric,HWThread 3,
Runtime (RDTSC) [s],0.0012,
Runtime unhalted [s],0.0013,
Clock [MHz],3682.0637,
CPI,0.6770,
L3 request rate,2.324493e-05,
L3 miss rate,3.670252e-06,
L3 miss ratio,0.1579,
STRUCT,Info,3
CPU name:,Intel(R) Core(TM) i5-7500 CPU @ 3.40GHz,
CPU type:,Intel Coffeelake processor,
CPU clock:,3.4 GHz,
TABLE,Region MatMat_Otim_1024,Group 1 Raw,L3CACHE,6
Region Info,HWThread 3,
RDTSC Runtime [s],3.400278,
call count,1,
Event,Counter,HWThread 3
INSTR_RETIRED_ANY,FIXC0,5371342000
CPU_CLK_UNHALTED_CORE,FIXC1,12638990000
CPU_CLK_UNHALTED_REF,FIXC2,11413580000
MEM_LOAD_RETIRED_L3_HIT,PMC0,2019295
MEM_LOAD_RETIRED_L3_MISS,PMC1,735215
UOPS_RETIRED_ALL,PMC2,7255304000
TABLE,Region MatMat_Otim_1024,Group 1 Metric,L3CACHE,7
Metric,HWThread 3,
Runtime (RDTSC) [s],3.4003,
Runtime unhalted [s],3.7174,
Clock [MHz],3765.0383,
CPI,2.3530,
L3 request rate,0.0004,
L3 miss rate,0.0001,
L3 miss ratio,0.2669,
STRUCT,Info,3
CPU name:,Intel(R) Core(TM) i5-7500 CPU @ 3.40GHz,
CPU type:,Intel Coffeelake processor,
CPU clock:,3.4 GHz,
TABLE,Region MatMat_restrict_1024,Group 1 Raw,L3CACHE,6
Region Info,HWThread 3,
RDTSC Runtime [s],3.161142,
call count,1,
Event,Counter,HWThread 3
INSTR_RETIRED_ANY,FIXC0,4565664000
CPU_CLK_UNHALTED_CORE,FIXC1,11535290000
CPU_CLK_UNHALTED_REF,FIXC2,10503360000
MEM_LOAD_RETIRED_L3_HIT,PMC0,2468834
MEM_LOAD_RETIRED_L3_MISS,PMC1,2601396
UOPS_RETIRED_ALL,PMC2,6584190000
TABLE,Region MatMat_restrict_1024,Group 1 Metric,L3CACHE,7
Metric,HWThread 3,
Runtime (RDTSC) [s],3.1611,
Runtime unhalted [s],3.3927,
Clock [MHz],3734.0419,
CPI,2.5265,
L3 request rate,0.0008,
L3 miss rate,0.0004,
L3 miss ratio,0.5131,
STRUCT,Info,3
CPU name:,Intel(R) Core(TM) i5-7500 CPU @ 3.40GHz,
CPU type:,Intel Coffeelake processor,
CPU clock:,3.4 GHz,
TABLE,Region MatMat_1024,Group 1 Raw,L3CACHE,6
Region Info,HWThread 3,
RDTSC Runtime [s],5.530213,
call count,1,
Event,Counter,HWThread 3
INSTR_RETIRED_ANY,FIXC0,7527744000
CPU_CLK_UNHALTED_CORE,FIXC1,20515770000
CPU_CLK_UNHALTED_REF,FIXC2,18522020000
MEM_LOAD_RETIRED_L3_HIT,PMC0,29318690
MEM_LOAD_RETIRED_L3_MISS,PMC1,121322600
UOPS_RETIRED_ALL,PMC2,8619761000
TABLE,Region MatMat_1024,Group 1 Metric,L3CACHE,7
Metric,HWThread 3,
Runtime (RDTSC) [s],5.5302,
Runtime unhalted [s],6.0341,
Clock [MHz],3765.9833,
CPI,2.7254,
L3 request rate,0.0175,
L3 miss rate,0.0141,
L3 miss ratio,0.8054,
STRUCT,Info,3
CPU name:,Intel(R) Core(TM) i5-7500 CPU @ 3.40GHz,
CPU type:,Intel Coffeelake processor,
CPU clock:,3.4 GHz,
TABLE,Region MatVet_Otim_1024,Group 1 Raw,L3CACHE,6
Region Info,HWThread 3,
RDTSC Runtime [s],0.000738,
call count,1,
Event,Counter,HWThread 3
INSTR_RETIRED_ANY,FIXC0,5249986
CPU_CLK_UNHALTED_CORE,FIXC1,2803745
CPU_CLK_UNHALTED_REF,FIXC2,2520216
MEM_LOAD_RETIRED_L3_HIT,PMC0,466
MEM_LOAD_RETIRED_L3_MISS,PMC1,947
UOPS_RETIRED_ALL,PMC2,7086686
TABLE,Region MatVet_Otim_1024,Group 1 Metric,L3CACHE,7
Metric,HWThread 3,
Runtime (RDTSC) [s],0.0007,
Runtime unhalted [s],0.0008,
Clock [MHz],3782.5063,
CPI,0.5340,
L3 request rate,0.0002,
L3 miss rate,0.0001,
L3 miss ratio,0.6702,
STRUCT,Info,3
CPU name:,Intel(R) Core(TM) i5-7500 CPU @ 3.40GHz,
CPU type:,Intel Coffeelake processor,
CPU clock:,3.4 GHz,
TABLE,Region MatVet_Otim_1900,Group 1 Raw,L3CACHE,6
Region Info,HWThread 3,
RDTSC Runtime [s],0.002555,
call count,1,
Event,Counter,HWThread 3
INSTR_RETIRED_ANY,FIXC0,18061050
CPU_CLK_UNHALTED_CORE,FIXC1,9552053
CPU_CLK_UNHALTED_REF,FIXC2,8589438
MEM_LOAD_RETIRED_L3_HIT,PMC0,410
MEM_LOAD_RETIRED_L3_MISS,PMC1,2478
UOPS_RETIRED_ALL,PMC2,24380800
TABLE,Region MatVet_Otim_1900,Group 1 Metric,L3CACHE,7
Metric,HWThread 3,
Runtime (RDTSC) [s],0.0026,
Runtime unhalted [s],0.0028,
Clock [MHz],3781.0367,
CPI,0.5289,
L3 request rate,0.0001,
L3 miss rate,0.0001,
L3 miss ratio,0.8580,
STRUCT,Info,3
CPU name:,Intel(R) Core(TM) i5-7500 CPU @ 3.40GHz,
CPU type:,Intel Coffeelake processor,
CPU clock:,3.4 GHz,
TABLE,Region MatMat_1900,Group 1 Raw,L3CACHE,6
Region Info,HWThread 3,
RDTSC Runtime [s],11.591340,
call count,1,
Event,Counter,HWThread 3
INSTR_RETIRED_ANY,FIXC0,48052860000
CPU_CLK_UNHALTED_CORE,FIXC1,41677890000
CPU_CLK_UNHALTED_REF,FIXC2,38129910000
MEM_LOAD_RETIRED_L3_HIT,PMC0,148667300
MEM_LOAD_RETIRED_L3_MISS,PMC1,698269900
UOPS_RETIRED_ALL,PMC2,54933810000
TABLE,Region MatMat_1900,Group 1 Metric,L3CACHE,7
Metric,HWThread 3,
Runtime (RDTSC) [s],11.5913,
Runtime unhalted [s],12.2582,
Clock [MHz],3716.3693,
CPI,0.8673,
L3 request rate,0.0154,
L3 miss rate,0.0127,
L3 miss ratio,0.8245,
STRUCT,Info,3
CPU name:,Intel(R) Core(TM) i5-7500 CPU @ 3.40GHz,
CPU type:,Intel Coffeelake processor,
CPU clock:,3.4 GHz,
TABLE,Region MatVet_1900,Group 1 Raw,L3CACHE,6
Region Info,HWThread 3,
RDTSC Runtime [s],0.004034,
call count,1,
Event,Counter,HWThread 3
INSTR_RETIRED_ANY,FIXC0,21681060
CPU_CLK_UNHALTED_CORE,FIXC1,14583000
CPU_CLK_UNHALTED_REF,FIXC2,13463730
MEM_LOAD_RETIRED_L3_HIT,PMC0,433
MEM_LOAD_RETIRED_L3_MISS,PMC1,95
UOPS_RETIRED_ALL,PMC2,25293870
TABLE,Region MatVet_1900,Group 1 Metric,L3CACHE,7
Metric,HWThread 3,
Runtime (RDTSC) [s],0.0040,
Runtime unhalted [s],0.0043,
Clock [MHz],3682.6496,
CPI,0.6726,
L3 request rate,2.087462e-05,
L3 miss rate,3.755851e-06,
L3 miss ratio,0.1799,
STRUCT,Info,3
CPU name:,Intel(R) Core(TM) i5-7500 CPU @ 3.40GHz,
CPU type:,Intel Coffeelake processor,
CPU clock:,3.4 GHz,
TABLE,Region MatMat_restrict_1900,Group 1 Raw,L3CACHE,6
Region Info,HWThread 3,
RDTSC Runtime [s],7.181428,
call count,1,
Event,Counter,HWThread 3
INSTR_RETIRED_ANY,FIXC0,29169390000
CPU_CLK_UNHALTED_CORE,FIXC1,26212370000
CPU_CLK_UNHALTED_REF,FIXC2,23842570000
MEM_LOAD_RETIRED_L3_HIT,PMC0,416479400
MEM_LOAD_RETIRED_L3_MISS,PMC1,51459280
UOPS_RETIRED_ALL,PMC2,42022000000
TABLE,Region MatMat_restrict_1900,Group 1 Metric,L3CACHE,7
Metric,HWThread 3,
Runtime (RDTSC) [s],7.1814,
Runtime unhalted [s],7.7095,
Clock [MHz],3737.9384,
CPI,0.8986,
L3 request rate,0.0111,
L3 miss rate,0.0012,
L3 miss ratio,0.1100,
STRUCT,Info,3
CPU name:,Intel(R) Core(TM) i5-7500 CPU @ 3.40GHz,
CPU type:,Intel Coffeelake processor,
CPU clock:,3.4 GHz,
TABLE,Region MatMat_Otim_1900,Group 1 Raw,L3CACHE,6
Region Info,HWThread 3,
RDTSC Runtime [s],7.056440,
call count,1,
Event,Counter,HWThread 3
INSTR_RETIRED_ANY,FIXC0,34304040000
CPU_CLK_UNHALTED_CORE,FIXC1,25961450000
CPU_CLK_UNHALTED_REF,FIXC2,23539440000
MEM_LOAD_RETIRED_L3_HIT,PMC0,1459209000
MEM_LOAD_RETIRED_L3_MISS,PMC1,3306475
UOPS_RETIRED_ALL,PMC2,46326810000
TABLE,Region MatMat_Otim_1900,Group 1 Metric,L3CACHE,7
Metric,HWThread 3,
Runtime (RDTSC) [s],7.0564,
Runtime unhalted [s],7.6357,
Clock [MHz],3749.8313,
CPI,0.7568,
L3 request rate,0.0316,
L3 miss rate,0.0001,
L3 miss ratio,0.0023,
STRUCT,Info,3
CPU name:,Intel(R) Core(TM) i5-7500 CPU @ 3.40GHz,
CPU type:,Intel Coffeelake processor,
CPU clock:,3.4 GHz,
TABLE,Region MatMat_2048,Group 1 Raw,L3CACHE,6
Region Info,HWThread 3,
RDTSC Runtime [s],56.041320,
call count,1,
Event,Counter,HWThread 3
INSTR_RETIRED_ANY,FIXC0,60175730000
CPU_CLK_UNHALTED_CORE,FIXC1,210853900000
CPU_CLK_UNHALTED_REF,FIXC2,189713500000
MEM_LOAD_RETIRED_L3_HIT,PMC0,40840350
MEM_LOAD_RETIRED_L3_MISS,PMC1,2106299000
UOPS_RETIRED_ALL,PMC2,68806730000
TABLE,Region MatMat_2048,Group 1 Metric,L3CACHE,7
Metric,HWThread 3,
Runtime (RDTSC) [s],56.0413,
Runtime unhalted [s],62.0159,
Clock [MHz],3778.8732,
CPI,3.5040,
L3 request rate,0.0312,
L3 miss rate,0.0306,
L3 miss ratio,0.9810,
STRUCT,Info,3
CPU name:,Intel(R) Core(TM) i5-7500 CPU @ 3.40GHz,
CPU type:,Intel Coffeelake processor,
CPU clock:,3.4 GHz,
TABLE,Region MatMat_Otim_2048,Group 1 Raw,L3CACHE,6
Region Info,HWThread 3,
RDTSC Runtime [s],29.561740,
call count,1,
Event,Counter,HWThread 3
INSTR_RETIRED_ANY,FIXC0,42960190000
CPU_CLK_UNHALTED_CORE,FIXC1,111403700000
CPU_CLK_UNHALTED_REF,FIXC2,100197500000
MEM_LOAD_RETIRED_L3_HIT,PMC0,11995650
MEM_LOAD_RETIRED_L3_MISS,PMC1,3380744
UOPS_RETIRED_ALL,PMC2,58005370000
TABLE,Region MatMat_Otim_2048,Group 1 Metric,L3CACHE,7
Metric,HWThread 3,
Runtime (RDTSC) [s],29.5617,
Runtime unhalted [s],32.7658,
Clock [MHz],3780.2598,
CPI,2.5932,
L3 request rate,0.0003,
L3 miss rate,0.0001,
L3 miss ratio,0.2199,
STRUCT,Info,3
CPU name:,Intel(R) Core(TM) i5-7500 CPU @ 3.40GHz,
CPU type:,Intel Coffeelake processor,
CPU clock:,3.4 GHz,
TABLE,Region MatMat_restrict_2048,Group 1 Raw,L3CACHE,6
Region Info,HWThread 3,
RDTSC Runtime [s],23.947160,
call count,1,
Event,Counter,HWThread 3
INSTR_RETIRED_ANY,FIXC0,36516160000
CPU_CLK_UNHALTED_CORE,FIXC1,90255520000
CPU_CLK_UNHALTED_REF,FIXC2,81180570000
MEM_LOAD_RETIRED_L3_HIT,PMC0,15056640
MEM_LOAD_RETIRED_L3_MISS,PMC1,17319130
UOPS_RETIRED_ALL,PMC2,52631980000
TABLE,Region MatMat_restrict_2048,Group 1 Metric,L3CACHE,7
Metric,HWThread 3,
Runtime (RDTSC) [s],23.9472,
Runtime unhalted [s],26.5457,
Clock [MHz],3780.0765,
CPI,2.4717,
L3 request rate,0.0006,
L3 miss rate,0.0003,
L3 miss ratio,0.5349,
STRUCT,Info,3
CPU name:,Intel(R) Core(TM) i5-7500 CPU @ 3.40GHz,
CPU type:,Intel Coffeelake processor,
CPU clock:,3.4 GHz,
TABLE,Region MatVet_Otim_2048,Group 1 Raw,L3CACHE,6
Region Info,HWThread 3,
RDTSC Runtime [s],0.002916,
call count,1,
Event,Counter,HWThread 3
INSTR_RETIRED_ANY,FIXC0,20983230
CPU_CLK_UNHALTED_CORE,FIXC1,11040130
CPU_CLK_UNHALTED_REF,FIXC2,9924238
MEM_LOAD_RETIRED_L3_HIT,PMC0,1625
MEM_LOAD_RETIRED_L3_MISS,PMC1,2248
UOPS_RETIRED_ALL,PMC2,28324610
TABLE,Region MatVet_Otim_2048,Group 1 Metric,L3CACHE,7
Metric,HWThread 3,
Runtime (RDTSC) [s],0.0029,
Runtime unhalted [s],0.0032,
Clock [MHz],3782.2997,
CPI,0.5261,
L3 request rate,0.0001,
L3 miss rate,0.0001,
L3 miss ratio,0.5804,
STRUCT,Info,3
CPU name:,Intel(R) Core(TM) i5-7500 CPU @ 3.40GHz,
CPU type:,Intel Coffeelake processor,
CPU clock:,3.4 GHz,
TABLE,Region MatVet_2048,Group 1 Raw,L3CACHE,6
Region Info,HWThread 3,
RDTSC Runtime [s],0.004903,
call count,1,
Event,Counter,HWThread 3
INSTR_RETIRED_ANY,FIXC0,25188220
CPU_CLK_UNHALTED_CORE,FIXC1,17073190
CPU_CLK_UNHALTED_REF,FIXC2,15626110
MEM_LOAD_RETIRED_L3_HIT,PMC0,207
MEM_LOAD_RETIRED_L3_MISS,PMC1,84
UOPS_RETIRED_ALL,PMC2,29389200
TABLE,Region MatVet_2048,Group 1 Metric,L3CACHE,7
Metric,HWThread 3,
Runtime (RDTSC) [s],0.0049,
Runtime unhalted [s],0.0050,
Clock [MHz],3714.8622,
CPI,0.6778,
L3 request rate,9.901597e-06,
L3 miss rate,2.858193e-06,
L3 miss ratio,0.2887,
STRUCT,Info,3
CPU name:,Intel(R) Core(TM) i5-7500 CPU @ 3.40GHz,
CPU type:,Intel Coffeelake processor,
CPU clock:,3.4 GHz,
TABLE,Region MatVet_3000,Group 1 Raw,L3CACHE,6
Region Info,HWThread 3,
RDTSC Runtime [s],0.009865,
call count,1,
Event,Counter,HWThread 3
INSTR_RETIRED_ANY,FIXC0,54030980
CPU_CLK_UNHALTED_CORE,FIXC1,36633400
CPU_CLK_UNHALTED_REF,FIXC2,32943570
MEM_LOAD_RETIRED_L3_HIT,PMC0,633
MEM_LOAD_RETIRED_L3_MISS,PMC1,360
UOPS_RETIRED_ALL,PMC2,63034970
TABLE,Region MatVet_3000,Group 1 Metric,L3CACHE,7
Metric,HWThread 3,
Runtime (RDTSC) [s],0.0099,
Runtime unhalted [s],0.0108,
Clock [MHz],3780.8155,
CPI,0.6780,
L3 request rate,1.575316e-05,
L3 miss rate,5.711116e-06,
L3 miss ratio,0.3625,
STRUCT,Info,3
CPU name:,Intel(R) Core(TM) i5-7500 CPU @ 3.40GHz,
CPU type:,Intel Coffeelake processor,
CPU clock:,3.4 GHz,
TABLE,Region MatMat_3000,Group 1 Raw,L3CACHE,6
Region Info,HWThread 3,
RDTSC Runtime [s],44.127570,
call count,1,
Event,Counter,HWThread 3
INSTR_RETIRED_ANY,FIXC0,189099100000
CPU_CLK_UNHALTED_CORE,FIXC1,165706600000
CPU_CLK_UNHALTED_REF,FIXC2,149070500000
MEM_LOAD_RETIRED_L3_HIT,PMC0,5336778000
MEM_LOAD_RETIRED_L3_MISS,PMC1,2501852000
UOPS_RETIRED_ALL,PMC2,216336200000
TABLE,Region MatMat_3000,Group 1 Metric,L3CACHE,7
Metric,HWThread 3,
Runtime (RDTSC) [s],44.1276,
Runtime unhalted [s],48.7372,
Clock [MHz],3779.4362,
CPI,0.8763,
L3 request rate,0.0362,
L3 miss rate,0.0116,
L3 miss ratio,0.3192,
STRUCT,Info,3
CPU name:,Intel(R) Core(TM) i5-7500 CPU @ 3.40GHz,
CPU type:,Intel Coffeelake processor,
CPU clock:,3.4 GHz,
TABLE,Region MatMat_Otim_3000,Group 1 Raw,L3CACHE,6
Region Info,HWThread 3,
RDTSC Runtime [s],28.135840,
call count,1,
Event,Counter,HWThread 3
INSTR_RETIRED_ANY,FIXC0,135022500000
CPU_CLK_UNHALTED_CORE,FIXC1,105933700000
CPU_CLK_UNHALTED_REF,FIXC2,95290070000
MEM_LOAD_RETIRED_L3_HIT,PMC0,6382939000
MEM_LOAD_RETIRED_L3_MISS,PMC1,12797460
UOPS_RETIRED_ALL,PMC2,182356300000
TABLE,Region MatMat_Otim_3000,Group 1 Metric,L3CACHE,7
Metric,HWThread 3,
Runtime (RDTSC) [s],28.1358,
Runtime unhalted [s],31.1570,
Clock [MHz],3779.7703,
CPI,0.7846,
L3 request rate,0.0351,
L3 miss rate,0.0001,
L3 miss ratio,0.0020,
STRUCT,Info,3
CPU name:,Intel(R) Core(TM) i5-7500 CPU @ 3.40GHz,
CPU type:,Intel Coffeelake processor,
CPU clock:,3.4 GHz,
TABLE,Region MatMat_restrict_3000,Group 1 Raw,L3CACHE,6
Region Info,HWThread 3,
RDTSC Runtime [s],22.506900,
call count,1,
Event,Counter,HWThread 3
INSTR_RETIRED_ANY,FIXC0,114769200000
CPU_CLK_UNHALTED_CORE,FIXC1,84768730000
CPU_CLK_UNHALTED_REF,FIXC2,76234730000
MEM_LOAD_RETIRED_L3_HIT,PMC0,2783433000
MEM_LOAD_RETIRED_L3_MISS,PMC1,188642500
UOPS_RETIRED_ALL,PMC2,165435100000
TABLE,Region MatMat_restrict_3000,Group 1 Metric,L3CACHE,7
Metric,HWThread 3,
Runtime (RDTSC) [s],22.5069,
Runtime unhalted [s],24.9320,
Clock [MHz],3780.6087,
CPI,0.7386,
L3 request rate,0.0180,
L3 miss rate,0.0011,
L3 miss ratio,0.0635,
STRUCT,Info,3
CPU name:,Intel(R) Core(TM) i5-7500 CPU @ 3.40GHz,
CPU type:,Intel Coffeelake processor,
CPU clock:,3.4 GHz,
TABLE,Region MatVet_Otim_3000,Group 1 Raw,L3CACHE,6
Region Info,HWThread 3,
RDTSC Runtime [s],0.006221,
call count,1,
Event,Counter,HWThread 3
INSTR_RETIRED_ANY,FIXC0,45016000
CPU_CLK_UNHALTED_CORE,FIXC1,23388410
CPU_CLK_UNHALTED_REF,FIXC2,21035450
MEM_LOAD_RETIRED_L3_HIT,PMC0,1072
MEM_LOAD_RETIRED_L3_MISS,PMC1,3280
UOPS_RETIRED_ALL,PMC2,60768580
TABLE,Region MatVet_Otim_3000,Group 1 Metric,L3CACHE,7
Metric,HWThread 3,
Runtime (RDTSC) [s],0.0062,
Runtime unhalted [s],0.0069,
Clock [MHz],3780.3134,
CPI,0.5196,
L3 request rate,0.0001,
L3 miss rate,0.0001,
L3 miss ratio,0.7537,
